=== Job info ===
Job ID: 92550
Host: node202
PWD:  /var/scratch/dpp2567/cs336-assignment1
Date: Mon Mar  9 14:02:41 CET 2026

=== GPU info ===
Mon Mar  9 14:02:42 2026       
+-----------------------------------------------------------------------------------------+
| NVIDIA-SMI 560.35.03              Driver Version: 560.35.03      CUDA Version: 12.6     |
|-----------------------------------------+------------------------+----------------------+
| GPU  Name                 Persistence-M | Bus-Id          Disp.A | Volatile Uncorr. ECC |
| Fan  Temp   Perf          Pwr:Usage/Cap |           Memory-Usage | GPU-Util  Compute M. |
|                                         |                        |               MIG M. |
|=========================================+========================+======================|
|   0  NVIDIA GeForce GTX TITAN X     Off |   00000000:02:00.0 Off |                  N/A |
| 16%   38C    P0             71W /  250W |       0MiB /  12288MiB |      0%      Default |
|                                         |                        |                  N/A |
+-----------------------------------------+------------------------+----------------------+
|   1  NVIDIA GeForce GTX TITAN X     Off |   00000000:03:00.0 Off |                  N/A |
| 15%   36C    P0             63W /  250W |       0MiB /  12288MiB |      1%      Default |
|                                         |                        |                  N/A |
+-----------------------------------------+------------------------+----------------------+
|   2  NVIDIA GeForce GTX TITAN X     Off |   00000000:82:00.0 Off |                  N/A |
| 17%   38C    P0             70W /  250W |       0MiB /  12288MiB |      0%      Default |
|                                         |                        |                  N/A |
+-----------------------------------------+------------------------+----------------------+
|   3  NVIDIA GeForce GTX TITAN X     Off |   00000000:83:00.0 Off |                  N/A |
| 16%   35C    P0             73W /  250W |       0MiB /  12288MiB |      1%      Default |
|                                         |                        |                  N/A |
+-----------------------------------------+------------------------+----------------------+
                                                                                         
+-----------------------------------------------------------------------------------------+
| Processes:                                                                              |
|  GPU   GI   CI        PID   Type   Process name                              GPU Memory |
|        ID   ID                                                               Usage      |
|=========================================================================================|
|  No running processes found                                                             |
+-----------------------------------------------------------------------------------------+

=== Python / uv info ===
/var/scratch/dpp2567/miniconda3/bin/python
/var/scratch/dpp2567/miniconda3/bin/uv
Python 3.13.11

=== Path checks ===
PROJECT_ROOT:      /var/scratch/dpp2567/cs336-assignment1
CHECKPOINT_PATH:   checkpoints/owt_lm_gpt2tok.pt
TOKENIZER_VOCAB:   tests/fixtures/gpt2_vocab.json
TOKENIZER_MERGES:  tests/fixtures/gpt2_merges.txt
OUT_FILE:          log/generate_owt_92550.txt

=== Generate start ===
Traceback (most recent call last):
  File "/var/scratch/dpp2567/cs336-assignment1/cs336_basics/generate_lm.py", line 129, in <module>
    main()
    ~~~~^^
  File "/var/scratch/dpp2567/cs336-assignment1/cs336_basics/generate_lm.py", line 94, in main
    prompt_ids = tokenizer.encode(args.prompt)
  File "/var/scratch/dpp2567/cs336-assignment1/cs336_basics/bpe.py", line 191, in encode
    ids.extend(self._encode_ordinary(text[pos:]))
               ~~~~~~~~~~~~~~~~~~~~~^^^^^^^^^^^^
  File "/var/scratch/dpp2567/cs336-assignment1/cs336_basics/bpe.py", line 173, in _encode_ordinary
    ids.append(self.bytes_to_id[token])
               ~~~~~~~~~~~~~~~~^^^^^^^
KeyError: b' a'
