Exception in thread Thread-3 (_handle_results):
Traceback (most recent call last):
  File "/var/scratch/dpp2567/miniconda3/lib/python3.13/threading.py", line 1044, in _bootstrap_inner
    self.run()
    ~~~~~~~~^^
  File "/var/scratch/dpp2567/miniconda3/lib/python3.13/threading.py", line 995, in run
    self._target(*self._args, **self._kwargs)
    ~~~~~~~~~~~~^^^^^^^^^^^^^^^^^^^^^^^^^^^^^
  File "/var/scratch/dpp2567/miniconda3/lib/python3.13/multiprocessing/pool.py", line 579, in _handle_results
    task = get()
  File "/var/scratch/dpp2567/miniconda3/lib/python3.13/multiprocessing/connection.py", line 250, in recv
    buf = self._recv_bytes()
  File "/var/scratch/dpp2567/miniconda3/lib/python3.13/multiprocessing/connection.py", line 437, in _recv_bytes
    return self._recv(size)
           ~~~~~~~~~~^^^^^^
  File "/var/scratch/dpp2567/miniconda3/lib/python3.13/multiprocessing/connection.py", line 402, in _recv
    buf.write(chunk)
    ~~~~~~~~~^^^^^^^
MemoryError
Process ForkPoolWorker-12:
Traceback (most recent call last):
  File "/var/scratch/dpp2567/miniconda3/lib/python3.13/multiprocessing/process.py", line 313, in _bootstrap
    self.run()
    ~~~~~~~~^^
  File "/var/scratch/dpp2567/miniconda3/lib/python3.13/multiprocessing/process.py", line 108, in run
    self._target(*self._args, **self._kwargs)
    ~~~~~~~~~~~~^^^^^^^^^^^^^^^^^^^^^^^^^^^^^
  File "/var/scratch/dpp2567/miniconda3/lib/python3.13/multiprocessing/pool.py", line 133, in worker
    wrapped = MaybeEncodingError(e, result[1])
  File "/var/scratch/dpp2567/miniconda3/lib/python3.13/multiprocessing/pool.py", line 86, in __init__
    self.value = repr(value)
                 ~~~~^^^^^^^
MemoryError
Exception in thread Thread-1 (_handle_workers):
Traceback (most recent call last):
  File "/var/scratch/dpp2567/miniconda3/lib/python3.13/threading.py", line 1044, in _bootstrap_inner
    self.run()
    ~~~~~~~~^^
  File "/var/scratch/dpp2567/miniconda3/lib/python3.13/threading.py", line 995, in run
    self._target(*self._args, **self._kwargs)
    ~~~~~~~~~~~~^^^^^^^^^^^^^^^^^^^^^^^^^^^^^
  File "/var/scratch/dpp2567/miniconda3/lib/python3.13/multiprocessing/pool.py", line 516, in _handle_workers
    cls._maintain_pool(ctx, Process, processes, pool, inqueue,
    ~~~~~~~~~~~~~~~~~~^^^^^^^^^^^^^^^^^^^^^^^^^^^^^^^^^^^^^^^^
                       outqueue, initializer, initargs,
                       ^^^^^^^^^^^^^^^^^^^^^^^^^^^^^^^^
                       maxtasksperchild, wrap_exception)
                       ^^^^^^^^^^^^^^^^^^^^^^^^^^^^^^^^^
  File "/var/scratch/dpp2567/miniconda3/lib/python3.13/multiprocessing/pool.py", line 340, in _maintain_pool
    Pool._repopulate_pool_static(ctx, Process, processes, pool,
    ~~~~~~~~~~~~~~~~~~~~~~~~~~~~^^^^^^^^^^^^^^^^^^^^^^^^^^^^^^^
                                 inqueue, outqueue, initializer,
                                 ^^^^^^^^^^^^^^^^^^^^^^^^^^^^^^^
                                 initargs, maxtasksperchild,
                                 ^^^^^^^^^^^^^^^^^^^^^^^^^^^
                                 wrap_exception)
                                 ^^^^^^^^^^^^^^^
  File "/var/scratch/dpp2567/miniconda3/lib/python3.13/multiprocessing/pool.py", line 329, in _repopulate_pool_static
    w.start()
    ~~~~~~~^^
  File "/var/scratch/dpp2567/miniconda3/lib/python3.13/multiprocessing/process.py", line 121, in start
    self._popen = self._Popen(self)
                  ~~~~~~~~~~~^^^^^^
  File "/var/scratch/dpp2567/miniconda3/lib/python3.13/multiprocessing/context.py", line 282, in _Popen
    return Popen(process_obj)
  File "/var/scratch/dpp2567/miniconda3/lib/python3.13/multiprocessing/popen_fork.py", line 20, in __init__
    self._launch(process_obj)
    ~~~~~~~~~~~~^^^^^^^^^^^^^
  File "/var/scratch/dpp2567/miniconda3/lib/python3.13/multiprocessing/popen_fork.py", line 67, in _launch
    self.pid = os.fork()
               ~~~~~~~^^
OSError: [Errno 12] Cannot allocate memory
Process ForkPoolWorker-16:
Traceback (most recent call last):
  File "/var/scratch/dpp2567/miniconda3/lib/python3.13/multiprocessing/process.py", line 313, in _bootstrap
    self.run()
    ~~~~~~~~^^
  File "/var/scratch/dpp2567/miniconda3/lib/python3.13/multiprocessing/process.py", line 108, in run
    self._target(*self._args, **self._kwargs)
    ~~~~~~~~~~~~^^^^^^^^^^^^^^^^^^^^^^^^^^^^^
  File "/var/scratch/dpp2567/miniconda3/lib/python3.13/multiprocessing/pool.py", line 133, in worker
    wrapped = MaybeEncodingError(e, result[1])
  File "/var/scratch/dpp2567/miniconda3/lib/python3.13/multiprocessing/pool.py", line 86, in __init__
    self.value = repr(value)
                 ~~~~^^^^^^^
MemoryError
Process ForkPoolWorker-15:
Traceback (most recent call last):
  File "/var/scratch/dpp2567/miniconda3/lib/python3.13/multiprocessing/process.py", line 313, in _bootstrap
    self.run()
    ~~~~~~~~^^
  File "/var/scratch/dpp2567/miniconda3/lib/python3.13/multiprocessing/process.py", line 108, in run
    self._target(*self._args, **self._kwargs)
    ~~~~~~~~~~~~^^^^^^^^^^^^^^^^^^^^^^^^^^^^^
  File "/var/scratch/dpp2567/miniconda3/lib/python3.13/multiprocessing/pool.py", line 134, in worker
    util.debug("Possible encoding error while sending result: %s" % (
               ~~~~~~~~~~~~~~~~~~~~~~~~~~~~~~~~~~~~~~~~~~~~~~~~~~~^~~
        wrapped))
        ~~~~~~~~
  File "/var/scratch/dpp2567/miniconda3/lib/python3.13/multiprocessing/pool.py", line 90, in __str__
    return "Error sending result: '%s'. Reason: '%s'" % (self.value,
           ~~~~~~~~~~~~~~~~~~~~~~~~~~~~~~~~~~~~~~~~~~~^~~~~~~~~~~~~~
                                                         self.exc)
                                                         ~~~~~~~~~
MemoryError
slurmstepd-node221: error: *** JOB 92457 ON node221 CANCELLED AT 2026-03-08T14:32:09 ***
