=== Job info ===
Job ID: 92484
Host: node203
PWD:  /var/scratch/dpp2567/cs336-assignment1
Date: Sun Mar  8 13:02:09 CET 2026

=== GPU info ===
Sun Mar  8 13:02:10 2026       
+-----------------------------------------------------------------------------------------+
| NVIDIA-SMI 560.35.03              Driver Version: 560.35.03      CUDA Version: 12.6     |
|-----------------------------------------+------------------------+----------------------+
| GPU  Name                 Persistence-M | Bus-Id          Disp.A | Volatile Uncorr. ECC |
| Fan  Temp   Perf          Pwr:Usage/Cap |           Memory-Usage | GPU-Util  Compute M. |
|                                         |                        |               MIG M. |
|=========================================+========================+======================|
|   0  NVIDIA GeForce GTX 1080 Ti     Off |   00000000:02:00.0 Off |                  N/A |
| 17%   26C    P0             59W /  250W |       0MiB /  11264MiB |      0%      Default |
|                                         |                        |                  N/A |
+-----------------------------------------+------------------------+----------------------+
|   1  NVIDIA GeForce GTX 1080 Ti     Off |   00000000:03:00.0 Off |                  N/A |
| 17%   33C    P0             61W /  250W |       0MiB /  11264MiB |      0%      Default |
|                                         |                        |                  N/A |
+-----------------------------------------+------------------------+----------------------+
|   2  NVIDIA GeForce GTX 1080 Ti     Off |   00000000:82:00.0 Off |                  N/A |
| 12%   25C    P0             54W /  250W |       0MiB /  11264MiB |      1%      Default |
|                                         |                        |                  N/A |
+-----------------------------------------+------------------------+----------------------+
|   3  NVIDIA GeForce GTX 1080 Ti     Off |   00000000:83:00.0 Off |                  N/A |
| 18%   26C    P0             58W /  250W |       0MiB /  11264MiB |      0%      Default |
|                                         |                        |                  N/A |
+-----------------------------------------+------------------------+----------------------+
                                                                                         
+-----------------------------------------------------------------------------------------+
| Processes:                                                                              |
|  GPU   GI   CI        PID   Type   Process name                              GPU Memory |
|        ID   ID                                                               Usage      |
|=========================================================================================|
|  No running processes found                                                             |
+-----------------------------------------------------------------------------------------+

=== Python / uv info ===
/var/scratch/dpp2567/miniconda3/bin/python
/var/scratch/dpp2567/miniconda3/bin/uv
Python 3.13.11

Traceback (most recent call last):
  File "/var/scratch/dpp2567/cs336-assignment1/cs336_basics/train_lm.py", line 191, in <module>
    main()
    ~~~~^^
  File "/var/scratch/dpp2567/cs336-assignment1/cs336_basics/train_lm.py", line 114, in main
    train_data = np.memmap(args.train_data, mode="r", dtype=args.data_dtype)
  File "/var/scratch/dpp2567/cs336-assignment1/.venv/lib/python3.13/site-packages/numpy/_core/memmap.py", line 236, in __new__
    f_ctx = open(
        os.fspath(filename),
        ('r' if mode == 'c' else mode) + 'b'
    )
FileNotFoundError: [Errno 2] No such file or directory: 'data/tinystories_train_tokens.bin'
