=== Job info ===
Job ID: 92520
Host: node203
PWD:  /var/scratch/dpp2567/cs336-assignment1
Date: Mon Mar  9 06:51:31 CET 2026

=== GPU info ===
Mon Mar  9 06:51:33 2026       
+-----------------------------------------------------------------------------------------+
| NVIDIA-SMI 560.35.03              Driver Version: 560.35.03      CUDA Version: 12.6     |
|-----------------------------------------+------------------------+----------------------+
| GPU  Name                 Persistence-M | Bus-Id          Disp.A | Volatile Uncorr. ECC |
| Fan  Temp   Perf          Pwr:Usage/Cap |           Memory-Usage | GPU-Util  Compute M. |
|                                         |                        |               MIG M. |
|=========================================+========================+======================|
|   0  NVIDIA GeForce GTX 1080 Ti     Off |   00000000:02:00.0 Off |                  N/A |
| 19%   27C    P0             59W /  250W |       0MiB /  11264MiB |      0%      Default |
|                                         |                        |                  N/A |
+-----------------------------------------+------------------------+----------------------+
|   1  NVIDIA GeForce GTX 1080 Ti     Off |   00000000:03:00.0 Off |                  N/A |
| 15%   32C    P0             61W /  250W |       0MiB /  11264MiB |      0%      Default |
|                                         |                        |                  N/A |
+-----------------------------------------+------------------------+----------------------+
|   2  NVIDIA GeForce GTX 1080 Ti     Off |   00000000:82:00.0 Off |                  N/A |
| 12%   27C    P0             54W /  250W |       0MiB /  11264MiB |      1%      Default |
|                                         |                        |                  N/A |
+-----------------------------------------+------------------------+----------------------+
|   3  NVIDIA GeForce GTX 1080 Ti     Off |   00000000:83:00.0 Off |                  N/A |
| 18%   28C    P0             58W /  250W |       0MiB /  11264MiB |      0%      Default |
|                                         |                        |                  N/A |
+-----------------------------------------+------------------------+----------------------+
                                                                                         
+-----------------------------------------------------------------------------------------+
| Processes:                                                                              |
|  GPU   GI   CI        PID   Type   Process name                              GPU Memory |
|        ID   ID                                                               Usage      |
|=========================================================================================|
|  No running processes found                                                             |
+-----------------------------------------------------------------------------------------+

=== Python / uv info ===
/var/scratch/dpp2567/miniconda3/bin/python
/var/scratch/dpp2567/miniconda3/bin/uv
Python 3.13.11

=== Path checks ===
PROJECT_ROOT: /var/scratch/dpp2567/cs336-assignment1
TRAIN_BIN:    data/owt_train_gpt2_tokens.bin
VAL_BIN:      data/owt_valid_gpt2_tokens.bin
TRAIN_TXT:    data/owt_train.txt
VAL_TXT:      data/owt_valid.txt

=== Train start ===
W0309 06:51:36.527000 3251309 torch/distributed/run.py:792] 
W0309 06:51:36.527000 3251309 torch/distributed/run.py:792] *****************************************
W0309 06:51:36.527000 3251309 torch/distributed/run.py:792] Setting OMP_NUM_THREADS environment variable for each process to be 1 in default, to avoid your system being overloaded, please further tune the variable for optimal performance in your application as needed. 
W0309 06:51:36.527000 3251309 torch/distributed/run.py:792] *****************************************
step=0 lr=0 train_loss=10.832464
[eval] step=0 train=10.836498 val=10.836725
step=20 lr=6.66667e-06 train_loss=10.768425
step=40 lr=1.33333e-05 train_loss=10.564441
step=60 lr=2e-05 train_loss=10.329879
step=80 lr=2.66667e-05 train_loss=9.908238
step=100 lr=3.33333e-05 train_loss=9.537897
step=120 lr=4e-05 train_loss=9.097333
step=140 lr=4.66667e-05 train_loss=8.631858
step=160 lr=5.33333e-05 train_loss=8.155418
step=180 lr=6e-05 train_loss=7.863927
step=200 lr=6.66667e-05 train_loss=7.412735
[eval] step=200 train=7.609543 val=7.524655
step=220 lr=7.33333e-05 train_loss=7.412894
step=240 lr=8e-05 train_loss=6.929900
step=260 lr=8.66667e-05 train_loss=6.888380
step=280 lr=9.33333e-05 train_loss=6.907505
step=300 lr=0.0001 train_loss=6.621274
step=320 lr=0.000106667 train_loss=6.531198
step=340 lr=0.000113333 train_loss=6.474185
step=360 lr=0.00012 train_loss=6.605873
step=380 lr=0.000126667 train_loss=6.479433
step=400 lr=0.000133333 train_loss=6.650086
[eval] step=400 train=6.418473 val=6.404966
step=420 lr=0.00014 train_loss=6.343327
step=440 lr=0.000146667 train_loss=6.599502
step=460 lr=0.000153333 train_loss=6.310923
step=480 lr=0.00016 train_loss=6.177499
step=500 lr=0.000166667 train_loss=6.240542
step=520 lr=0.000173333 train_loss=6.230203
step=540 lr=0.00018 train_loss=6.409229
step=560 lr=0.000186667 train_loss=5.932516
step=580 lr=0.000193333 train_loss=5.851962
step=600 lr=0.0002 train_loss=6.305046
[eval] step=600 train=5.963056 val=5.997383
step=620 lr=0.000206667 train_loss=5.576705
step=640 lr=0.000213333 train_loss=5.937355
step=660 lr=0.00022 train_loss=6.057785
step=680 lr=0.000226667 train_loss=6.012646
step=700 lr=0.000233333 train_loss=5.780108
step=720 lr=0.00024 train_loss=5.845267
step=740 lr=0.000246667 train_loss=5.624388
step=760 lr=0.000253333 train_loss=5.822387
step=780 lr=0.00026 train_loss=5.803787
step=800 lr=0.000266667 train_loss=5.748898
[eval] step=800 train=5.732040 val=5.764808
step=820 lr=0.000273333 train_loss=5.803757
step=840 lr=0.00028 train_loss=5.503100
step=860 lr=0.000286667 train_loss=5.636916
step=880 lr=0.000293333 train_loss=5.526411
step=900 lr=0.0003 train_loss=5.726354
step=920 lr=0.000306667 train_loss=5.585731
step=940 lr=0.000313333 train_loss=5.545515
step=960 lr=0.00032 train_loss=5.570774
step=980 lr=0.000326667 train_loss=5.527484
step=1000 lr=0.000333333 train_loss=5.604437
[eval] step=1000 train=5.575988 val=5.589544
step=1020 lr=0.00034 train_loss=5.477754
step=1040 lr=0.000346667 train_loss=5.554462
step=1060 lr=0.000353333 train_loss=5.379848
step=1080 lr=0.00036 train_loss=5.571706
step=1100 lr=0.000366667 train_loss=5.209030
step=1120 lr=0.000373333 train_loss=5.266856
step=1140 lr=0.00038 train_loss=5.150974
step=1160 lr=0.000386667 train_loss=5.469205
step=1180 lr=0.000393333 train_loss=5.376134
step=1200 lr=0.0004 train_loss=5.576211
[eval] step=1200 train=5.383281 val=5.391817
step=1220 lr=0.000406667 train_loss=5.369331
step=1240 lr=0.000413333 train_loss=5.228205
step=1260 lr=0.00042 train_loss=5.050942
step=1280 lr=0.000426667 train_loss=4.932170
step=1300 lr=0.000433333 train_loss=5.300797
step=1320 lr=0.00044 train_loss=5.111995
step=1340 lr=0.000446667 train_loss=5.047376
step=1360 lr=0.000453333 train_loss=5.184947
step=1380 lr=0.00046 train_loss=5.189426
step=1400 lr=0.000466667 train_loss=5.062459
[eval] step=1400 train=5.191047 val=5.259039
step=1420 lr=0.000473333 train_loss=5.247107
step=1440 lr=0.00048 train_loss=5.151675
step=1460 lr=0.000486667 train_loss=5.240332
step=1480 lr=0.000493333 train_loss=5.125108
step=1500 lr=0.0005 train_loss=5.326830
step=1520 lr=0.000499999 train_loss=5.375463
step=1540 lr=0.000499995 train_loss=5.067616
step=1560 lr=0.000499988 train_loss=5.187937
step=1580 lr=0.000499979 train_loss=5.065997
step=1600 lr=0.000499968 train_loss=5.301198
[eval] step=1600 train=5.097481 val=5.068075
step=1620 lr=0.000499953 train_loss=4.929466
step=1640 lr=0.000499936 train_loss=5.111836
step=1660 lr=0.000499917 train_loss=5.011034
step=1680 lr=0.000499895 train_loss=5.223534
step=1700 lr=0.00049987 train_loss=5.081616
step=1720 lr=0.000499843 train_loss=5.029598
step=1740 lr=0.000499813 train_loss=5.016829
step=1760 lr=0.000499781 train_loss=4.777036
step=1780 lr=0.000499746 train_loss=5.094255
step=1800 lr=0.000499708 train_loss=5.026629
[eval] step=1800 train=5.029985 val=4.989653
step=1820 lr=0.000499668 train_loss=4.714696
step=1840 lr=0.000499625 train_loss=4.832594
step=1860 lr=0.00049958 train_loss=5.011610
step=1880 lr=0.000499532 train_loss=5.116322
step=1900 lr=0.000499481 train_loss=5.072822
step=1920 lr=0.000499428 train_loss=4.782642
step=1940 lr=0.000499372 train_loss=5.026423
step=1960 lr=0.000499314 train_loss=4.998201
step=1980 lr=0.000499253 train_loss=4.781772
step=2000 lr=0.000499189 train_loss=4.824169
[eval] step=2000 train=4.877175 val=4.911110
step=2020 lr=0.000499123 train_loss=4.923212
step=2040 lr=0.000499055 train_loss=5.036236
step=2060 lr=0.000498983 train_loss=4.910490
step=2080 lr=0.00049891 train_loss=4.898819
step=2100 lr=0.000498833 train_loss=4.809119
step=2120 lr=0.000498754 train_loss=4.927725
step=2140 lr=0.000498672 train_loss=4.803000
step=2160 lr=0.000498588 train_loss=4.717738
step=2180 lr=0.000498502 train_loss=4.654129
step=2200 lr=0.000498412 train_loss=5.028369
[eval] step=2200 train=4.760980 val=4.774874
step=2220 lr=0.00049832 train_loss=4.798589
step=2240 lr=0.000498226 train_loss=4.777471
step=2260 lr=0.000498129 train_loss=4.780807
step=2280 lr=0.000498029 train_loss=4.618784
step=2300 lr=0.000497927 train_loss=4.648052
step=2320 lr=0.000497822 train_loss=4.745585
step=2340 lr=0.000497715 train_loss=4.797653
step=2360 lr=0.000497605 train_loss=4.755898
step=2380 lr=0.000497492 train_loss=4.828022
step=2400 lr=0.000497377 train_loss=4.649330
[eval] step=2400 train=4.714717 val=4.770566
step=2420 lr=0.00049726 train_loss=4.935401
step=2440 lr=0.000497139 train_loss=4.837570
step=2460 lr=0.000497017 train_loss=4.642859
step=2480 lr=0.000496891 train_loss=4.743558
step=2500 lr=0.000496764 train_loss=4.617485
step=2520 lr=0.000496633 train_loss=4.817742
step=2540 lr=0.0004965 train_loss=4.895506
step=2560 lr=0.000496365 train_loss=4.964280
step=2580 lr=0.000496227 train_loss=4.624133
step=2600 lr=0.000496086 train_loss=4.594630
[eval] step=2600 train=4.702367 val=4.687199
step=2620 lr=0.000495943 train_loss=4.697435
step=2640 lr=0.000495797 train_loss=4.698487
step=2660 lr=0.000495649 train_loss=4.471144
step=2680 lr=0.000495498 train_loss=4.548002
step=2700 lr=0.000495344 train_loss=4.549283
step=2720 lr=0.000495189 train_loss=4.878921
step=2740 lr=0.00049503 train_loss=4.812083
step=2760 lr=0.000494869 train_loss=4.821731
step=2780 lr=0.000494706 train_loss=4.653502
step=2800 lr=0.00049454 train_loss=4.635684
[eval] step=2800 train=4.679319 val=4.654743
step=2820 lr=0.000494371 train_loss=4.730290
step=2840 lr=0.0004942 train_loss=4.786871
step=2860 lr=0.000494026 train_loss=4.617969
step=2880 lr=0.00049385 train_loss=4.542950
step=2900 lr=0.000493671 train_loss=4.637990
step=2920 lr=0.00049349 train_loss=4.892978
step=2940 lr=0.000493306 train_loss=4.462837
step=2960 lr=0.00049312 train_loss=4.609186
step=2980 lr=0.000492931 train_loss=4.603469
step=3000 lr=0.00049274 train_loss=4.611246
[eval] step=3000 train=4.645538 val=4.636092
step=3020 lr=0.000492546 train_loss=4.344972
step=3040 lr=0.00049235 train_loss=4.722003
step=3060 lr=0.000492151 train_loss=5.019352
step=3080 lr=0.00049195 train_loss=4.386429
step=3100 lr=0.000491746 train_loss=4.726122
step=3120 lr=0.000491539 train_loss=4.690250
step=3140 lr=0.000491331 train_loss=4.435282
step=3160 lr=0.000491119 train_loss=4.670110
step=3180 lr=0.000490905 train_loss=4.534342
step=3200 lr=0.000490689 train_loss=4.674861
[eval] step=3200 train=4.605673 val=4.602914
step=3220 lr=0.00049047 train_loss=4.681360
step=3240 lr=0.000490249 train_loss=4.508794
step=3260 lr=0.000490025 train_loss=4.412127
step=3280 lr=0.000489799 train_loss=4.523624
step=3300 lr=0.00048957 train_loss=4.558336
step=3320 lr=0.000489339 train_loss=4.499857
step=3340 lr=0.000489105 train_loss=4.516423
step=3360 lr=0.000488869 train_loss=4.533531
step=3380 lr=0.000488631 train_loss=4.570554
step=3400 lr=0.00048839 train_loss=4.484215
[eval] step=3400 train=4.540624 val=4.564829
step=3420 lr=0.000488146 train_loss=4.252114
step=3440 lr=0.0004879 train_loss=4.418459
step=3460 lr=0.000487652 train_loss=4.370002
step=3480 lr=0.000487401 train_loss=4.396172
step=3500 lr=0.000487147 train_loss=4.601800
step=3520 lr=0.000486892 train_loss=4.328253
step=3540 lr=0.000486633 train_loss=4.712458
step=3560 lr=0.000486373 train_loss=4.646476
step=3580 lr=0.00048611 train_loss=4.671762
step=3600 lr=0.000485844 train_loss=4.438505
[eval] step=3600 train=4.534686 val=4.522217
step=3620 lr=0.000485576 train_loss=4.864437
step=3640 lr=0.000485306 train_loss=4.446044
step=3660 lr=0.000485033 train_loss=4.483147
step=3680 lr=0.000484757 train_loss=4.476095
step=3700 lr=0.00048448 train_loss=4.412581
step=3720 lr=0.0004842 train_loss=4.201476
step=3740 lr=0.000483917 train_loss=4.622610
step=3760 lr=0.000483632 train_loss=4.520494
step=3780 lr=0.000483345 train_loss=4.652408
step=3800 lr=0.000483055 train_loss=4.274837
[eval] step=3800 train=4.515169 val=4.566317
step=3820 lr=0.000482763 train_loss=4.173049
step=3840 lr=0.000482469 train_loss=4.536382
step=3860 lr=0.000482172 train_loss=4.250726
step=3880 lr=0.000481872 train_loss=4.477211
step=3900 lr=0.000481571 train_loss=4.202689
step=3920 lr=0.000481267 train_loss=4.412720
step=3940 lr=0.00048096 train_loss=4.278268
step=3960 lr=0.000480651 train_loss=4.370035
step=3980 lr=0.00048034 train_loss=4.182757
step=4000 lr=0.000480026 train_loss=4.272161
[eval] step=4000 train=4.489935 val=4.447821
step=4020 lr=0.00047971 train_loss=4.515407
step=4040 lr=0.000479392 train_loss=4.614213
step=4060 lr=0.000479071 train_loss=4.508694
step=4080 lr=0.000478748 train_loss=4.373233
step=4100 lr=0.000478423 train_loss=4.423207
step=4120 lr=0.000478095 train_loss=4.633932
step=4140 lr=0.000477765 train_loss=4.239466
step=4160 lr=0.000477433 train_loss=4.416737
step=4180 lr=0.000477098 train_loss=4.345003
step=4200 lr=0.000476761 train_loss=4.560776
[eval] step=4200 train=4.449137 val=4.538881
step=4220 lr=0.000476422 train_loss=4.357428
step=4240 lr=0.00047608 train_loss=4.413809
step=4260 lr=0.000475736 train_loss=4.337005
step=4280 lr=0.00047539 train_loss=4.364621
step=4300 lr=0.000475041 train_loss=4.369892
step=4320 lr=0.00047469 train_loss=4.491143
step=4340 lr=0.000474337 train_loss=4.556871
step=4360 lr=0.000473981 train_loss=4.559312
step=4380 lr=0.000473623 train_loss=4.537500
step=4400 lr=0.000473263 train_loss=4.421393
[eval] step=4400 train=4.402864 val=4.432851
step=4420 lr=0.000472901 train_loss=4.578472
step=4440 lr=0.000472536 train_loss=4.310850
step=4460 lr=0.000472169 train_loss=4.407609
step=4480 lr=0.0004718 train_loss=4.565909
step=4500 lr=0.000471428 train_loss=4.465082
step=4520 lr=0.000471054 train_loss=4.208240
step=4540 lr=0.000470678 train_loss=4.485609
step=4560 lr=0.0004703 train_loss=4.469690
step=4580 lr=0.000469919 train_loss=4.398644
step=4600 lr=0.000469537 train_loss=4.117643
[eval] step=4600 train=4.442163 val=4.403450
step=4620 lr=0.000469151 train_loss=4.341260
step=4640 lr=0.000468764 train_loss=4.399638
step=4660 lr=0.000468375 train_loss=4.645186
step=4680 lr=0.000467983 train_loss=4.643266
step=4700 lr=0.000467589 train_loss=4.472407
step=4720 lr=0.000467193 train_loss=4.350891
step=4740 lr=0.000466794 train_loss=4.519346
step=4760 lr=0.000466393 train_loss=4.423054
step=4780 lr=0.000465991 train_loss=4.435012
step=4800 lr=0.000465586 train_loss=4.525243
[eval] step=4800 train=4.430872 val=4.451051
step=4820 lr=0.000465178 train_loss=4.225903
step=4840 lr=0.000464769 train_loss=4.376547
step=4860 lr=0.000464357 train_loss=4.332424
step=4880 lr=0.000463943 train_loss=4.396143
step=4900 lr=0.000463527 train_loss=4.500733
step=4920 lr=0.000463109 train_loss=4.579808
step=4940 lr=0.000462689 train_loss=4.347664
step=4960 lr=0.000462266 train_loss=4.550611
step=4980 lr=0.000461842 train_loss=4.493471
step=5000 lr=0.000461415 train_loss=4.373124
[eval] step=5000 train=4.325895 val=4.376211
step=5020 lr=0.000460986 train_loss=4.418913
step=5040 lr=0.000460555 train_loss=4.241055
step=5060 lr=0.000460121 train_loss=4.557401
step=5080 lr=0.000459686 train_loss=4.385010
step=5100 lr=0.000459248 train_loss=4.162323
step=5120 lr=0.000458809 train_loss=4.589711
step=5140 lr=0.000458367 train_loss=4.427988
step=5160 lr=0.000457923 train_loss=4.250059
step=5180 lr=0.000457477 train_loss=4.167213
step=5200 lr=0.000457029 train_loss=4.380575
[eval] step=5200 train=4.359502 val=4.353809
step=5220 lr=0.000456579 train_loss=4.398690
step=5240 lr=0.000456126 train_loss=4.442133
step=5260 lr=0.000455672 train_loss=4.481225
step=5280 lr=0.000455215 train_loss=4.562271
step=5300 lr=0.000454757 train_loss=4.314284
step=5320 lr=0.000454296 train_loss=4.358413
step=5340 lr=0.000453833 train_loss=4.302822
step=5360 lr=0.000453369 train_loss=4.395432
step=5380 lr=0.000452902 train_loss=4.440321
step=5400 lr=0.000452433 train_loss=4.217829
[eval] step=5400 train=4.359068 val=4.322229
step=5420 lr=0.000451962 train_loss=4.226802
step=5440 lr=0.000451489 train_loss=4.317499
step=5460 lr=0.000451014 train_loss=4.244565
step=5480 lr=0.000450537 train_loss=4.308076
step=5500 lr=0.000450058 train_loss=4.362071
step=5520 lr=0.000449577 train_loss=4.324762
step=5540 lr=0.000449094 train_loss=4.140304
step=5560 lr=0.000448609 train_loss=4.265512
step=5580 lr=0.000448122 train_loss=4.187700
step=5600 lr=0.000447633 train_loss=4.383373
[eval] step=5600 train=4.327422 val=4.295870
step=5620 lr=0.000447141 train_loss=4.213762
step=5640 lr=0.000446648 train_loss=4.365323
step=5660 lr=0.000446153 train_loss=4.400117
step=5680 lr=0.000445656 train_loss=4.304029
step=5700 lr=0.000445157 train_loss=4.007739
step=5720 lr=0.000444656 train_loss=4.395207
step=5740 lr=0.000444153 train_loss=4.503572
step=5760 lr=0.000443649 train_loss=4.163160
step=5780 lr=0.000443142 train_loss=4.483303
step=5800 lr=0.000442633 train_loss=4.366971
[eval] step=5800 train=4.298193 val=4.295910
step=5820 lr=0.000442122 train_loss=4.096591
step=5840 lr=0.00044161 train_loss=4.315789
step=5860 lr=0.000441095 train_loss=4.188288
step=5880 lr=0.000440579 train_loss=4.128600
step=5900 lr=0.00044006 train_loss=4.217570
step=5920 lr=0.00043954 train_loss=4.323651
step=5940 lr=0.000439018 train_loss=4.173222
step=5960 lr=0.000438494 train_loss=4.165301
step=5980 lr=0.000437968 train_loss=4.124283
step=6000 lr=0.00043744 train_loss=4.365712
[eval] step=6000 train=4.288827 val=4.304982
step=6020 lr=0.00043691 train_loss=4.266019
step=6040 lr=0.000436379 train_loss=4.127129
step=6060 lr=0.000435845 train_loss=4.174427
step=6080 lr=0.00043531 train_loss=4.388529
step=6100 lr=0.000434773 train_loss=4.213236
step=6120 lr=0.000434234 train_loss=4.232375
step=6140 lr=0.000433693 train_loss=4.416561
step=6160 lr=0.000433151 train_loss=4.121011
step=6180 lr=0.000432606 train_loss=4.219686
step=6200 lr=0.00043206 train_loss=4.368090
[eval] step=6200 train=4.267416 val=4.245830
step=6220 lr=0.000431512 train_loss=4.154613
step=6240 lr=0.000430962 train_loss=4.229977
step=6260 lr=0.00043041 train_loss=4.462446
step=6280 lr=0.000429857 train_loss=4.061965
step=6300 lr=0.000429301 train_loss=4.390463
step=6320 lr=0.000428744 train_loss=4.292823
step=6340 lr=0.000428186 train_loss=4.393029
step=6360 lr=0.000427625 train_loss=4.206762
step=6380 lr=0.000427063 train_loss=4.356062
step=6400 lr=0.000426498 train_loss=4.340387
[eval] step=6400 train=4.273328 val=4.272340
step=6420 lr=0.000425933 train_loss=4.239273
step=6440 lr=0.000425365 train_loss=4.343553
step=6460 lr=0.000424796 train_loss=4.528702
step=6480 lr=0.000424225 train_loss=4.382875
step=6500 lr=0.000423652 train_loss=4.196651
step=6520 lr=0.000423077 train_loss=4.227970
step=6540 lr=0.000422501 train_loss=4.308630
step=6560 lr=0.000421923 train_loss=4.230270
step=6580 lr=0.000421344 train_loss=4.330127
step=6600 lr=0.000420762 train_loss=4.194909
[eval] step=6600 train=4.226046 val=4.235171
step=6620 lr=0.000420179 train_loss=4.283429
step=6640 lr=0.000419595 train_loss=4.089673
step=6660 lr=0.000419008 train_loss=4.218536
step=6680 lr=0.00041842 train_loss=4.096465
step=6700 lr=0.000417831 train_loss=4.138301
step=6720 lr=0.000417239 train_loss=4.572181
step=6740 lr=0.000416647 train_loss=4.406189
step=6760 lr=0.000416052 train_loss=4.402625
step=6780 lr=0.000415456 train_loss=4.395138
step=6800 lr=0.000414858 train_loss=4.507030
[eval] step=6800 train=4.248480 val=4.232951
step=6820 lr=0.000414259 train_loss=4.047258
step=6840 lr=0.000413658 train_loss=4.097779
step=6860 lr=0.000413055 train_loss=4.184202
step=6880 lr=0.000412451 train_loss=4.367705
step=6900 lr=0.000411845 train_loss=4.135868
step=6920 lr=0.000411238 train_loss=4.314093
step=6940 lr=0.000410629 train_loss=4.209091
step=6960 lr=0.000410018 train_loss=4.202539
step=6980 lr=0.000409406 train_loss=4.467061
step=7000 lr=0.000408792 train_loss=4.091871
[eval] step=7000 train=4.255705 val=4.260759
step=7020 lr=0.000408177 train_loss=4.205518
step=7040 lr=0.000407561 train_loss=4.103297
step=7060 lr=0.000406942 train_loss=4.237853
step=7080 lr=0.000406323 train_loss=4.334100
step=7100 lr=0.000405701 train_loss=4.275955
step=7120 lr=0.000405079 train_loss=4.192471
step=7140 lr=0.000404454 train_loss=4.178981
step=7160 lr=0.000403829 train_loss=4.284760
step=7180 lr=0.000403201 train_loss=4.292212
step=7200 lr=0.000402573 train_loss=4.507631
[eval] step=7200 train=4.204561 val=4.174476
step=7220 lr=0.000401942 train_loss=4.178649
step=7240 lr=0.000401311 train_loss=4.498743
step=7260 lr=0.000400678 train_loss=4.301466
step=7280 lr=0.000400043 train_loss=4.447403
step=7300 lr=0.000399407 train_loss=4.509374
step=7320 lr=0.00039877 train_loss=4.184268
step=7340 lr=0.000398131 train_loss=4.290676
step=7360 lr=0.00039749 train_loss=4.101305
step=7380 lr=0.000396849 train_loss=4.130625
step=7400 lr=0.000396206 train_loss=4.171101
[eval] step=7400 train=4.202487 val=4.240876
step=7420 lr=0.000395561 train_loss=4.037907
step=7440 lr=0.000394915 train_loss=4.180172
step=7460 lr=0.000394268 train_loss=4.179897
step=7480 lr=0.000393619 train_loss=4.305513
step=7500 lr=0.000392969 train_loss=4.266382
step=7520 lr=0.000392318 train_loss=4.249424
step=7540 lr=0.000391665 train_loss=4.323023
step=7560 lr=0.000391011 train_loss=4.293248
step=7580 lr=0.000390355 train_loss=4.274950
step=7600 lr=0.000389699 train_loss=4.158225
[eval] step=7600 train=4.221038 val=4.197691
step=7620 lr=0.000389041 train_loss=4.387950
step=7640 lr=0.000388381 train_loss=4.289627
step=7660 lr=0.000387721 train_loss=4.301389
step=7680 lr=0.000387059 train_loss=4.231443
step=7700 lr=0.000386395 train_loss=4.350043
step=7720 lr=0.000385731 train_loss=4.173867
step=7740 lr=0.000385065 train_loss=4.006742
step=7760 lr=0.000384398 train_loss=4.045408
step=7780 lr=0.000383729 train_loss=4.313135
step=7800 lr=0.00038306 train_loss=4.341831
[eval] step=7800 train=4.204947 val=4.163970
step=7820 lr=0.000382389 train_loss=4.314084
step=7840 lr=0.000381717 train_loss=4.068243
step=7860 lr=0.000381043 train_loss=4.076510
step=7880 lr=0.000380369 train_loss=4.193244
step=7900 lr=0.000379693 train_loss=4.431311
step=7920 lr=0.000379016 train_loss=3.934933
step=7940 lr=0.000378338 train_loss=4.421898
step=7960 lr=0.000377658 train_loss=4.218519
step=7980 lr=0.000376978 train_loss=4.063310
step=8000 lr=0.000376296 train_loss=4.226755
[eval] step=8000 train=4.218784 val=4.203797
step=8020 lr=0.000375613 train_loss=4.175769
step=8040 lr=0.000374929 train_loss=4.331805
step=8060 lr=0.000374244 train_loss=4.235254
step=8080 lr=0.000373557 train_loss=3.919446
step=8100 lr=0.00037287 train_loss=3.971702
step=8120 lr=0.000372181 train_loss=3.908778
step=8140 lr=0.000371491 train_loss=4.259352
step=8160 lr=0.0003708 train_loss=4.287937
step=8180 lr=0.000370108 train_loss=4.340140
step=8200 lr=0.000369415 train_loss=4.145463
[eval] step=8200 train=4.211095 val=4.162621
step=8220 lr=0.000368721 train_loss=4.254389
step=8240 lr=0.000368026 train_loss=4.129302
step=8260 lr=0.000367329 train_loss=4.248781
step=8280 lr=0.000366632 train_loss=4.298025
step=8300 lr=0.000365934 train_loss=4.229811
step=8320 lr=0.000365234 train_loss=4.204083
step=8340 lr=0.000364534 train_loss=4.161248
step=8360 lr=0.000363832 train_loss=4.058567
step=8380 lr=0.000363129 train_loss=4.149952
step=8400 lr=0.000362426 train_loss=4.116736
[eval] step=8400 train=4.165229 val=4.137375
step=8420 lr=0.000361721 train_loss=4.263097
step=8440 lr=0.000361016 train_loss=4.266518
step=8460 lr=0.000360309 train_loss=4.151211
step=8480 lr=0.000359601 train_loss=4.400101
step=8500 lr=0.000358893 train_loss=4.128695
step=8520 lr=0.000358183 train_loss=4.227448
step=8540 lr=0.000357473 train_loss=4.259399
step=8560 lr=0.000356761 train_loss=4.253825
step=8580 lr=0.000356049 train_loss=4.318070
step=8600 lr=0.000355335 train_loss=4.296703
[eval] step=8600 train=4.201272 val=4.191285
step=8620 lr=0.000354621 train_loss=4.251174
step=8640 lr=0.000353906 train_loss=4.070953
step=8660 lr=0.00035319 train_loss=4.236372
step=8680 lr=0.000352473 train_loss=4.091177
step=8700 lr=0.000351755 train_loss=4.100896
step=8720 lr=0.000351036 train_loss=4.256092
step=8740 lr=0.000350317 train_loss=4.277441
step=8760 lr=0.000349596 train_loss=4.214648
step=8780 lr=0.000348875 train_loss=4.183924
step=8800 lr=0.000348152 train_loss=4.237477
[eval] step=8800 train=4.174070 val=4.120080
step=8820 lr=0.000347429 train_loss=3.954268
step=8840 lr=0.000346705 train_loss=4.181726
step=8860 lr=0.000345981 train_loss=4.125214
step=8880 lr=0.000345255 train_loss=4.184732
step=8900 lr=0.000344529 train_loss=4.179607
step=8920 lr=0.000343802 train_loss=4.106824
step=8940 lr=0.000343074 train_loss=4.116957
step=8960 lr=0.000342345 train_loss=4.102839
step=8980 lr=0.000341615 train_loss=4.181661
step=9000 lr=0.000340885 train_loss=4.394815
[eval] step=9000 train=4.145648 val=4.108674
step=9020 lr=0.000340154 train_loss=4.194111
step=9040 lr=0.000339422 train_loss=4.135581
step=9060 lr=0.00033869 train_loss=4.360229
step=9080 lr=0.000337956 train_loss=3.925124
step=9100 lr=0.000337222 train_loss=4.257582
step=9120 lr=0.000336488 train_loss=4.268757
step=9140 lr=0.000335752 train_loss=4.407439
step=9160 lr=0.000335016 train_loss=4.245503
step=9180 lr=0.000334279 train_loss=4.178466
step=9200 lr=0.000333542 train_loss=3.944822
[eval] step=9200 train=4.181921 val=4.160824
step=9220 lr=0.000332804 train_loss=4.280466
step=9240 lr=0.000332065 train_loss=4.168827
step=9260 lr=0.000331325 train_loss=4.207571
step=9280 lr=0.000330585 train_loss=4.386609
step=9300 lr=0.000329844 train_loss=4.112427
step=9320 lr=0.000329103 train_loss=4.366455
step=9340 lr=0.000328361 train_loss=4.094158
step=9360 lr=0.000327618 train_loss=3.970942
step=9380 lr=0.000326875 train_loss=4.253117
step=9400 lr=0.000326131 train_loss=4.026647
[eval] step=9400 train=4.144603 val=4.149803
step=9420 lr=0.000325386 train_loss=4.130251
step=9440 lr=0.000324641 train_loss=4.148746
step=9460 lr=0.000323896 train_loss=4.038895
step=9480 lr=0.00032315 train_loss=4.141806
step=9500 lr=0.000322403 train_loss=4.198100
step=9520 lr=0.000321656 train_loss=3.891711
step=9540 lr=0.000320908 train_loss=4.181840
step=9560 lr=0.000320159 train_loss=4.092667
step=9580 lr=0.00031941 train_loss=3.824335
step=9600 lr=0.000318661 train_loss=4.072662
[eval] step=9600 train=4.082664 val=4.144550
step=9620 lr=0.000317911 train_loss=4.208099
step=9640 lr=0.000317161 train_loss=4.146053
step=9660 lr=0.00031641 train_loss=4.179805
step=9680 lr=0.000315659 train_loss=3.961229
step=9700 lr=0.000314907 train_loss=4.076568
step=9720 lr=0.000314154 train_loss=4.032834
step=9740 lr=0.000313402 train_loss=4.195487
step=9760 lr=0.000312649 train_loss=4.099836
step=9780 lr=0.000311895 train_loss=4.113623
step=9800 lr=0.000311141 train_loss=4.021594
[eval] step=9800 train=4.091546 val=4.086281
step=9820 lr=0.000310386 train_loss=3.977440
step=9840 lr=0.000309632 train_loss=4.145663
step=9860 lr=0.000308876 train_loss=4.232932
step=9880 lr=0.000308121 train_loss=4.207394
step=9900 lr=0.000307365 train_loss=4.166314
step=9920 lr=0.000306608 train_loss=3.968657
step=9940 lr=0.000305851 train_loss=4.152825
step=9960 lr=0.000305094 train_loss=4.276070
step=9980 lr=0.000304337 train_loss=3.964702
step=10000 lr=0.000303579 train_loss=4.001037
[eval] step=10000 train=4.071605 val=4.092240
step=10020 lr=0.000302821 train_loss=4.098327
step=10040 lr=0.000302062 train_loss=4.091385
step=10060 lr=0.000301304 train_loss=4.090504
step=10080 lr=0.000300545 train_loss=3.841944
step=10100 lr=0.000299785 train_loss=3.969114
step=10120 lr=0.000299026 train_loss=3.822227
step=10140 lr=0.000298266 train_loss=4.003254
step=10160 lr=0.000297505 train_loss=4.163857
step=10180 lr=0.000296745 train_loss=4.186524
step=10200 lr=0.000295984 train_loss=4.025938
[eval] step=10200 train=4.118665 val=4.113706
step=10220 lr=0.000295223 train_loss=4.209984
step=10240 lr=0.000294462 train_loss=4.205011
step=10260 lr=0.000293701 train_loss=4.218252
step=10280 lr=0.000292939 train_loss=4.201433
step=10300 lr=0.000292177 train_loss=4.064632
step=10320 lr=0.000291415 train_loss=4.165595
step=10340 lr=0.000290653 train_loss=3.931284
step=10360 lr=0.00028989 train_loss=4.137988
step=10380 lr=0.000289128 train_loss=3.841747
step=10400 lr=0.000288365 train_loss=4.026771
[eval] step=10400 train=4.035488 val=4.059534
step=10420 lr=0.000287602 train_loss=3.846616
step=10440 lr=0.000286839 train_loss=4.023176
step=10460 lr=0.000286076 train_loss=4.112151
step=10480 lr=0.000285313 train_loss=4.044738
step=10500 lr=0.000284549 train_loss=4.090465
step=10520 lr=0.000283786 train_loss=4.078267
step=10540 lr=0.000283022 train_loss=4.225536
step=10560 lr=0.000282258 train_loss=4.046258
step=10580 lr=0.000281495 train_loss=4.078514
step=10600 lr=0.000280731 train_loss=4.062634
[eval] step=10600 train=4.080258 val=4.056525
step=10620 lr=0.000279967 train_loss=4.081218
step=10640 lr=0.000279203 train_loss=4.068627
step=10660 lr=0.000278439 train_loss=3.994098
step=10680 lr=0.000277675 train_loss=4.136968
step=10700 lr=0.00027691 train_loss=4.103185
step=10720 lr=0.000276146 train_loss=4.039264
step=10740 lr=0.000275382 train_loss=3.978449
step=10760 lr=0.000274618 train_loss=4.242723
step=10780 lr=0.000273854 train_loss=4.204067
step=10800 lr=0.00027309 train_loss=3.972097
[eval] step=10800 train=4.088205 val=4.159551
step=10820 lr=0.000272325 train_loss=4.196160
step=10840 lr=0.000271561 train_loss=4.216532
step=10860 lr=0.000270797 train_loss=4.193209
step=10880 lr=0.000270033 train_loss=4.092953
step=10900 lr=0.000269269 train_loss=4.161293
step=10920 lr=0.000268505 train_loss=4.358502
step=10940 lr=0.000267742 train_loss=3.998841
step=10960 lr=0.000266978 train_loss=4.046654
step=10980 lr=0.000266214 train_loss=4.039946
step=11000 lr=0.000265451 train_loss=4.009911
[eval] step=11000 train=4.053288 val=4.077209
step=11020 lr=0.000264687 train_loss=4.047410
step=11040 lr=0.000263924 train_loss=3.965368
step=11060 lr=0.000263161 train_loss=4.234171
step=11080 lr=0.000262398 train_loss=4.115039
step=11100 lr=0.000261635 train_loss=4.339402
step=11120 lr=0.000260872 train_loss=3.930765
step=11140 lr=0.00026011 train_loss=3.979068
step=11160 lr=0.000259347 train_loss=4.195709
step=11180 lr=0.000258585 train_loss=4.109972
step=11200 lr=0.000257823 train_loss=4.384288
[eval] step=11200 train=4.089760 val=4.090698
step=11220 lr=0.000257061 train_loss=4.078876
step=11240 lr=0.000256299 train_loss=3.886134
step=11260 lr=0.000255538 train_loss=3.903740
step=11280 lr=0.000254777 train_loss=3.970842
step=11300 lr=0.000254016 train_loss=4.023089
step=11320 lr=0.000253255 train_loss=3.882404
step=11340 lr=0.000252495 train_loss=4.079555
step=11360 lr=0.000251734 train_loss=4.092011
step=11380 lr=0.000250974 train_loss=3.901164
step=11400 lr=0.000250215 train_loss=4.139726
[eval] step=11400 train=4.080878 val=4.072286
step=11420 lr=0.000249455 train_loss=3.925338
step=11440 lr=0.000248696 train_loss=4.190560
step=11460 lr=0.000247938 train_loss=3.955574
step=11480 lr=0.000247179 train_loss=4.219849
step=11500 lr=0.000246421 train_loss=4.000108
step=11520 lr=0.000245663 train_loss=4.356349
step=11540 lr=0.000244906 train_loss=4.009024
step=11560 lr=0.000244149 train_loss=4.092894
step=11580 lr=0.000243392 train_loss=3.965708
step=11600 lr=0.000242635 train_loss=4.156174
[eval] step=11600 train=4.040550 val=4.043671
step=11620 lr=0.000241879 train_loss=4.025743
step=11640 lr=0.000241124 train_loss=4.217587
step=11660 lr=0.000240368 train_loss=4.278240
step=11680 lr=0.000239614 train_loss=4.082819
step=11700 lr=0.000238859 train_loss=3.796210
step=11720 lr=0.000238105 train_loss=4.059610
step=11740 lr=0.000237351 train_loss=4.095880
step=11760 lr=0.000236598 train_loss=3.981607
step=11780 lr=0.000235846 train_loss=4.198547
step=11800 lr=0.000235093 train_loss=4.155977
[eval] step=11800 train=4.026310 val=4.057292
step=11820 lr=0.000234341 train_loss=4.245825
step=11840 lr=0.00023359 train_loss=3.983056
step=11860 lr=0.000232839 train_loss=3.865357
step=11880 lr=0.000232089 train_loss=4.263604
step=11900 lr=0.000231339 train_loss=3.965945
step=11920 lr=0.00023059 train_loss=4.196434
step=11940 lr=0.000229841 train_loss=3.988739
step=11960 lr=0.000229092 train_loss=4.285927
step=11980 lr=0.000228344 train_loss=4.053977
step=12000 lr=0.000227597 train_loss=4.215832
[eval] step=12000 train=4.058665 val=4.048166
step=12020 lr=0.00022685 train_loss=3.958129
step=12040 lr=0.000226104 train_loss=4.030311
step=12060 lr=0.000225359 train_loss=4.125802
step=12080 lr=0.000224614 train_loss=3.967565
step=12100 lr=0.000223869 train_loss=3.889198
step=12120 lr=0.000223125 train_loss=4.124208
step=12140 lr=0.000222382 train_loss=4.072090
step=12160 lr=0.000221639 train_loss=3.735212
step=12180 lr=0.000220897 train_loss=4.163516
step=12200 lr=0.000220156 train_loss=3.890166
[eval] step=12200 train=4.050829 val=3.995615
step=12220 lr=0.000219415 train_loss=3.996870
step=12240 lr=0.000218675 train_loss=4.083739
step=12260 lr=0.000217935 train_loss=3.975625
step=12280 lr=0.000217196 train_loss=4.073380
step=12300 lr=0.000216458 train_loss=4.216181
step=12320 lr=0.000215721 train_loss=3.903095
step=12340 lr=0.000214984 train_loss=3.920856
step=12360 lr=0.000214248 train_loss=3.922421
step=12380 lr=0.000213512 train_loss=3.859312
step=12400 lr=0.000212778 train_loss=3.898051
[eval] step=12400 train=4.037817 val=4.027516
step=12420 lr=0.000212044 train_loss=3.915783
step=12440 lr=0.00021131 train_loss=4.026155
step=12460 lr=0.000210578 train_loss=3.926008
step=12480 lr=0.000209846 train_loss=4.009107
step=12500 lr=0.000209115 train_loss=4.258480
step=12520 lr=0.000208385 train_loss=3.953562
step=12540 lr=0.000207655 train_loss=4.257434
step=12560 lr=0.000206926 train_loss=3.975159
step=12580 lr=0.000206198 train_loss=3.934668
step=12600 lr=0.000205471 train_loss=4.151029
[eval] step=12600 train=4.036362 val=3.984899
step=12620 lr=0.000204745 train_loss=3.987739
step=12640 lr=0.000204019 train_loss=4.158668
step=12660 lr=0.000203295 train_loss=3.856603
step=12680 lr=0.000202571 train_loss=3.962455
step=12700 lr=0.000201848 train_loss=3.820241
step=12720 lr=0.000201125 train_loss=3.914917
step=12740 lr=0.000200404 train_loss=3.771080
step=12760 lr=0.000199683 train_loss=3.963207
step=12780 lr=0.000198964 train_loss=3.894503
step=12800 lr=0.000198245 train_loss=3.805499
[eval] step=12800 train=4.035360 val=3.996841
step=12820 lr=0.000197527 train_loss=4.276297
step=12840 lr=0.00019681 train_loss=4.169826
step=12860 lr=0.000196094 train_loss=3.987059
step=12880 lr=0.000195379 train_loss=3.989767
step=12900 lr=0.000194665 train_loss=4.097230
step=12920 lr=0.000193951 train_loss=3.869709
step=12940 lr=0.000193239 train_loss=4.121091
step=12960 lr=0.000192527 train_loss=4.208828
step=12980 lr=0.000191817 train_loss=4.005629
step=13000 lr=0.000191107 train_loss=4.060454
[eval] step=13000 train=3.961134 val=3.941578
step=13020 lr=0.000190399 train_loss=4.063450
step=13040 lr=0.000189691 train_loss=4.077388
step=13060 lr=0.000188984 train_loss=3.792770
step=13080 lr=0.000188279 train_loss=3.972420
step=13100 lr=0.000187574 train_loss=3.901018
step=13120 lr=0.000186871 train_loss=3.996079
step=13140 lr=0.000186168 train_loss=4.179314
step=13160 lr=0.000185466 train_loss=3.823005
step=13180 lr=0.000184766 train_loss=3.980261
step=13200 lr=0.000184066 train_loss=4.082468
[eval] step=13200 train=3.971622 val=3.997166
step=13220 lr=0.000183368 train_loss=3.941026
step=13240 lr=0.000182671 train_loss=3.907026
step=13260 lr=0.000181974 train_loss=4.037769
step=13280 lr=0.000181279 train_loss=3.917267
step=13300 lr=0.000180585 train_loss=3.781073
step=13320 lr=0.000179892 train_loss=3.828745
step=13340 lr=0.0001792 train_loss=3.874572
step=13360 lr=0.000178509 train_loss=4.083807
step=13380 lr=0.000177819 train_loss=4.164619
step=13400 lr=0.00017713 train_loss=3.993838
[eval] step=13400 train=4.012521 val=4.042938
step=13420 lr=0.000176443 train_loss=3.863445
step=13440 lr=0.000175756 train_loss=4.001747
step=13460 lr=0.000175071 train_loss=3.969796
step=13480 lr=0.000174387 train_loss=3.882856
step=13500 lr=0.000173704 train_loss=4.027403
step=13520 lr=0.000173022 train_loss=3.963634
step=13540 lr=0.000172342 train_loss=3.964432
step=13560 lr=0.000171662 train_loss=3.892429
step=13580 lr=0.000170984 train_loss=4.053027
step=13600 lr=0.000170307 train_loss=3.991687
[eval] step=13600 train=3.977713 val=3.983875
step=13620 lr=0.000169631 train_loss=4.109244
step=13640 lr=0.000168957 train_loss=3.972684
step=13660 lr=0.000168283 train_loss=3.901426
step=13680 lr=0.000167611 train_loss=3.956348
step=13700 lr=0.00016694 train_loss=4.092457
step=13720 lr=0.000166271 train_loss=3.972322
step=13740 lr=0.000165602 train_loss=3.727671
step=13760 lr=0.000164935 train_loss=3.858974
step=13780 lr=0.000164269 train_loss=3.966835
step=13800 lr=0.000163605 train_loss=4.005221
[eval] step=13800 train=4.011023 val=3.976557
step=13820 lr=0.000162941 train_loss=3.901174
step=13840 lr=0.000162279 train_loss=3.940105
step=13860 lr=0.000161619 train_loss=3.975088
step=13880 lr=0.000160959 train_loss=4.139516
step=13900 lr=0.000160301 train_loss=3.863383
step=13920 lr=0.000159645 train_loss=4.068897
step=13940 lr=0.000158989 train_loss=3.981230
step=13960 lr=0.000158335 train_loss=3.860937
step=13980 lr=0.000157682 train_loss=3.753409
step=14000 lr=0.000157031 train_loss=3.839759
[eval] step=14000 train=3.938539 val=3.952633
step=14020 lr=0.000156381 train_loss=4.012634
step=14040 lr=0.000155732 train_loss=4.073546
step=14060 lr=0.000155085 train_loss=4.183930
step=14080 lr=0.000154439 train_loss=3.976172
step=14100 lr=0.000153794 train_loss=3.839902
step=14120 lr=0.000153151 train_loss=4.140925
step=14140 lr=0.00015251 train_loss=4.113531
step=14160 lr=0.000151869 train_loss=4.064520
step=14180 lr=0.00015123 train_loss=3.912225
step=14200 lr=0.000150593 train_loss=3.912145
[eval] step=14200 train=3.949386 val=3.966119
step=14220 lr=0.000149957 train_loss=3.908128
step=14240 lr=0.000149322 train_loss=4.086389
step=14260 lr=0.000148689 train_loss=3.933837
step=14280 lr=0.000148058 train_loss=4.057319
step=14300 lr=0.000147427 train_loss=4.129415
step=14320 lr=0.000146799 train_loss=4.063671
step=14340 lr=0.000146171 train_loss=4.085590
step=14360 lr=0.000145546 train_loss=3.635530
step=14380 lr=0.000144921 train_loss=3.884171
step=14400 lr=0.000144299 train_loss=4.028193
[eval] step=14400 train=3.993548 val=3.968738
step=14420 lr=0.000143677 train_loss=4.075047
step=14440 lr=0.000143058 train_loss=3.978210
step=14460 lr=0.000142439 train_loss=4.048205
step=14480 lr=0.000141823 train_loss=3.813947
step=14500 lr=0.000141208 train_loss=4.028128
step=14520 lr=0.000140594 train_loss=4.133952
step=14540 lr=0.000139982 train_loss=3.659503
step=14560 lr=0.000139371 train_loss=3.864645
step=14580 lr=0.000138762 train_loss=4.062782
step=14600 lr=0.000138155 train_loss=3.819541
[eval] step=14600 train=4.000674 val=3.961718
step=14620 lr=0.000137549 train_loss=4.079385
step=14640 lr=0.000136945 train_loss=3.912973
step=14660 lr=0.000136342 train_loss=3.979151
step=14680 lr=0.000135741 train_loss=3.787715
step=14700 lr=0.000135142 train_loss=3.886048
step=14720 lr=0.000134544 train_loss=3.713482
step=14740 lr=0.000133948 train_loss=4.230967
step=14760 lr=0.000133353 train_loss=3.835678
step=14780 lr=0.000132761 train_loss=3.920752
step=14800 lr=0.000132169 train_loss=3.903154
[eval] step=14800 train=3.952752 val=3.891587
step=14820 lr=0.00013158 train_loss=4.137865
step=14840 lr=0.000130992 train_loss=3.933332
step=14860 lr=0.000130405 train_loss=3.842829
step=14880 lr=0.000129821 train_loss=3.899446
step=14900 lr=0.000129238 train_loss=3.993353
step=14920 lr=0.000128656 train_loss=4.101787
step=14940 lr=0.000128077 train_loss=4.235916
step=14960 lr=0.000127499 train_loss=3.876574
step=14980 lr=0.000126923 train_loss=3.913206
step=15000 lr=0.000126348 train_loss=3.910607
[eval] step=15000 train=3.968014 val=3.907614
step=15020 lr=0.000125775 train_loss=3.842277
step=15040 lr=0.000125204 train_loss=3.949484
step=15060 lr=0.000124635 train_loss=3.966578
step=15080 lr=0.000124067 train_loss=3.761176
step=15100 lr=0.000123502 train_loss=3.930752
step=15120 lr=0.000122937 train_loss=3.763221
step=15140 lr=0.000122375 train_loss=3.930108
step=15160 lr=0.000121814 train_loss=3.982846
step=15180 lr=0.000121256 train_loss=4.004488
step=15200 lr=0.000120699 train_loss=3.870740
[eval] step=15200 train=3.924934 val=3.905580
step=15220 lr=0.000120143 train_loss=3.933470
step=15240 lr=0.00011959 train_loss=3.778210
step=15260 lr=0.000119038 train_loss=3.674227
step=15280 lr=0.000118488 train_loss=4.072451
step=15300 lr=0.00011794 train_loss=3.990958
step=15320 lr=0.000117394 train_loss=3.918015
step=15340 lr=0.000116849 train_loss=3.815612
step=15360 lr=0.000116307 train_loss=4.154006
step=15380 lr=0.000115766 train_loss=3.764669
step=15400 lr=0.000115227 train_loss=3.927089
[eval] step=15400 train=3.903317 val=3.953955
step=15420 lr=0.00011469 train_loss=4.113501
step=15440 lr=0.000114155 train_loss=4.024351
step=15460 lr=0.000113621 train_loss=3.981719
step=15480 lr=0.00011309 train_loss=3.904296
step=15500 lr=0.00011256 train_loss=3.949717
step=15520 lr=0.000112032 train_loss=3.985506
step=15540 lr=0.000111506 train_loss=4.087273
step=15560 lr=0.000110982 train_loss=4.003947
step=15580 lr=0.00011046 train_loss=3.913546
step=15600 lr=0.00010994 train_loss=3.815475
[eval] step=15600 train=3.866871 val=3.935837
step=15620 lr=0.000109421 train_loss=3.960202
step=15640 lr=0.000108905 train_loss=4.070908
step=15660 lr=0.00010839 train_loss=3.919904
step=15680 lr=0.000107878 train_loss=3.957040
step=15700 lr=0.000107367 train_loss=4.089287
step=15720 lr=0.000106858 train_loss=3.647667
step=15740 lr=0.000106351 train_loss=3.871016
step=15760 lr=0.000105847 train_loss=3.806691
step=15780 lr=0.000105344 train_loss=3.756173
step=15800 lr=0.000104843 train_loss=4.031425
[eval] step=15800 train=3.984489 val=3.915095
step=15820 lr=0.000104344 train_loss=4.039929
step=15840 lr=0.000103847 train_loss=3.733612
step=15860 lr=0.000103352 train_loss=3.770169
step=15880 lr=0.000102859 train_loss=3.849172
step=15900 lr=0.000102367 train_loss=3.897754
step=15920 lr=0.000101878 train_loss=4.042142
step=15940 lr=0.000101391 train_loss=3.800985
step=15960 lr=0.000100906 train_loss=4.196837
step=15980 lr=0.000100423 train_loss=4.173603
step=16000 lr=9.9942e-05 train_loss=4.016887
[eval] step=16000 train=3.904698 val=3.943316
step=16020 lr=9.94629e-05 train_loss=3.755644
step=16040 lr=9.89859e-05 train_loss=4.036206
step=16060 lr=9.85109e-05 train_loss=3.681729
step=16080 lr=9.80379e-05 train_loss=3.936829
step=16100 lr=9.7567e-05 train_loss=4.033360
step=16120 lr=9.70981e-05 train_loss=3.893884
step=16140 lr=9.66313e-05 train_loss=3.737901
step=16160 lr=9.61665e-05 train_loss=3.990536
step=16180 lr=9.57038e-05 train_loss=3.978768
step=16200 lr=9.52432e-05 train_loss=3.924716
[eval] step=16200 train=3.884089 val=3.883429
step=16220 lr=9.47846e-05 train_loss=4.137307
step=16240 lr=9.43281e-05 train_loss=3.950577
step=16260 lr=9.38737e-05 train_loss=3.766380
step=16280 lr=9.34214e-05 train_loss=3.955554
step=16300 lr=9.29712e-05 train_loss=3.970979
step=16320 lr=9.25231e-05 train_loss=3.781209
step=16340 lr=9.2077e-05 train_loss=3.797892
step=16360 lr=9.16331e-05 train_loss=3.921738
step=16380 lr=9.11914e-05 train_loss=4.012825
step=16400 lr=9.07517e-05 train_loss=3.953340
[eval] step=16400 train=3.947539 val=3.948981
step=16420 lr=9.03141e-05 train_loss=3.849124
step=16440 lr=8.98787e-05 train_loss=4.093601
step=16460 lr=8.94455e-05 train_loss=3.881840
step=16480 lr=8.90143e-05 train_loss=3.878591
step=16500 lr=8.85853e-05 train_loss=4.093471
step=16520 lr=8.81585e-05 train_loss=3.880573
step=16540 lr=8.77338e-05 train_loss=3.829386
step=16560 lr=8.73113e-05 train_loss=3.538556
step=16580 lr=8.68909e-05 train_loss=4.027726
step=16600 lr=8.64727e-05 train_loss=3.733614
[eval] step=16600 train=3.913233 val=3.935239
step=16620 lr=8.60567e-05 train_loss=3.838730
step=16640 lr=8.56429e-05 train_loss=3.872656
step=16660 lr=8.52312e-05 train_loss=4.039169
step=16680 lr=8.48218e-05 train_loss=3.878084
step=16700 lr=8.44145e-05 train_loss=3.921243
step=16720 lr=8.40094e-05 train_loss=4.085516
step=16740 lr=8.36066e-05 train_loss=3.923578
step=16760 lr=8.32059e-05 train_loss=4.028937
step=16780 lr=8.28074e-05 train_loss=3.877865
step=16800 lr=8.24112e-05 train_loss=3.920367
[eval] step=16800 train=3.916074 val=3.896684
step=16820 lr=8.20172e-05 train_loss=3.745868
step=16840 lr=8.16254e-05 train_loss=4.010651
step=16860 lr=8.12359e-05 train_loss=3.617809
step=16880 lr=8.08485e-05 train_loss=4.123578
step=16900 lr=8.04635e-05 train_loss=3.928141
step=16920 lr=8.00806e-05 train_loss=3.984431
step=16940 lr=7.97e-05 train_loss=4.126004
step=16960 lr=7.93217e-05 train_loss=3.743403
step=16980 lr=7.89456e-05 train_loss=4.000487
step=17000 lr=7.85718e-05 train_loss=3.901964
[eval] step=17000 train=3.883104 val=3.874880
step=17020 lr=7.82003e-05 train_loss=3.976593
step=17040 lr=7.7831e-05 train_loss=3.974478
step=17060 lr=7.7464e-05 train_loss=3.918377
step=17080 lr=7.70993e-05 train_loss=3.878283
step=17100 lr=7.67368e-05 train_loss=3.737304
step=17120 lr=7.63767e-05 train_loss=4.029675
step=17140 lr=7.60188e-05 train_loss=4.268143
step=17160 lr=7.56632e-05 train_loss=3.766427
step=17180 lr=7.531e-05 train_loss=3.785477
step=17200 lr=7.4959e-05 train_loss=3.667477
[eval] step=17200 train=3.900496 val=3.876908
step=17220 lr=7.46103e-05 train_loss=3.974133
step=17240 lr=7.4264e-05 train_loss=3.959119
step=17260 lr=7.392e-05 train_loss=3.950424
step=17280 lr=7.35782e-05 train_loss=3.807065
step=17300 lr=7.32389e-05 train_loss=3.829145
step=17320 lr=7.29018e-05 train_loss=3.810057
step=17340 lr=7.25671e-05 train_loss=3.679900
step=17360 lr=7.22347e-05 train_loss=3.876112
step=17380 lr=7.19046e-05 train_loss=3.657483
step=17400 lr=7.15769e-05 train_loss=3.865156
[eval] step=17400 train=3.858824 val=3.904120
step=17420 lr=7.12515e-05 train_loss=3.963970
step=17440 lr=7.09285e-05 train_loss=3.830745
step=17460 lr=7.06078e-05 train_loss=3.845607
step=17480 lr=7.02895e-05 train_loss=3.844866
step=17500 lr=6.99736e-05 train_loss=3.702781
step=17520 lr=6.966e-05 train_loss=3.973102
step=17540 lr=6.93488e-05 train_loss=3.935728
step=17560 lr=6.904e-05 train_loss=3.770200
step=17580 lr=6.87335e-05 train_loss=3.883899
step=17600 lr=6.84294e-05 train_loss=4.031002
[eval] step=17600 train=3.914304 val=3.915447
step=17620 lr=6.81277e-05 train_loss=3.790276
step=17640 lr=6.78284e-05 train_loss=3.885714
step=17660 lr=6.75315e-05 train_loss=3.874363
step=17680 lr=6.72369e-05 train_loss=3.676379
step=17700 lr=6.69448e-05 train_loss=3.992725
step=17720 lr=6.66551e-05 train_loss=4.043357
step=17740 lr=6.63677e-05 train_loss=3.801211
step=17760 lr=6.60828e-05 train_loss=3.783917
step=17780 lr=6.58003e-05 train_loss=4.005632
step=17800 lr=6.55202e-05 train_loss=3.833686
[eval] step=17800 train=3.872110 val=3.899293
step=17820 lr=6.52425e-05 train_loss=3.885232
step=17840 lr=6.49672e-05 train_loss=3.715506
step=17860 lr=6.46944e-05 train_loss=3.910958
step=17880 lr=6.4424e-05 train_loss=3.897759
step=17900 lr=6.4156e-05 train_loss=3.706877
step=17920 lr=6.38904e-05 train_loss=3.770724
step=17940 lr=6.36273e-05 train_loss=3.967088
step=17960 lr=6.33666e-05 train_loss=3.873413
step=17980 lr=6.31084e-05 train_loss=3.905304
step=18000 lr=6.28526e-05 train_loss=4.017534
[eval] step=18000 train=3.890588 val=3.918519
step=18020 lr=6.25992e-05 train_loss=3.801386
step=18040 lr=6.23483e-05 train_loss=3.874902
step=18060 lr=6.20999e-05 train_loss=3.811436
step=18080 lr=6.18539e-05 train_loss=3.911103
step=18100 lr=6.16103e-05 train_loss=3.681853
step=18120 lr=6.13693e-05 train_loss=3.684696
step=18140 lr=6.11307e-05 train_loss=3.925101
step=18160 lr=6.08945e-05 train_loss=3.886036
step=18180 lr=6.06608e-05 train_loss=3.826656
step=18200 lr=6.04296e-05 train_loss=3.721926
[eval] step=18200 train=3.937853 val=3.858610
step=18220 lr=6.02009e-05 train_loss=3.887852
step=18240 lr=5.99747e-05 train_loss=3.787367
step=18260 lr=5.97509e-05 train_loss=3.925157
step=18280 lr=5.95296e-05 train_loss=3.853114
step=18300 lr=5.93108e-05 train_loss=4.074796
step=18320 lr=5.90945e-05 train_loss=4.041231
step=18340 lr=5.88807e-05 train_loss=3.828328
step=18360 lr=5.86694e-05 train_loss=3.860625
step=18380 lr=5.84605e-05 train_loss=3.819532
step=18400 lr=5.82542e-05 train_loss=3.950840
[eval] step=18400 train=3.919789 val=3.879382
step=18420 lr=5.80504e-05 train_loss=3.842561
step=18440 lr=5.7849e-05 train_loss=3.869823
step=18460 lr=5.76502e-05 train_loss=3.781615
step=18480 lr=5.74539e-05 train_loss=3.900666
step=18500 lr=5.72601e-05 train_loss=3.779511
step=18520 lr=5.70688e-05 train_loss=4.028734
step=18540 lr=5.688e-05 train_loss=3.909463
step=18560 lr=5.66937e-05 train_loss=3.769529
step=18580 lr=5.651e-05 train_loss=3.978390
step=18600 lr=5.63288e-05 train_loss=3.812978
[eval] step=18600 train=3.892930 val=3.900689
step=18620 lr=5.615e-05 train_loss=3.713569
step=18640 lr=5.59739e-05 train_loss=3.992919
step=18660 lr=5.58002e-05 train_loss=3.811610
step=18680 lr=5.56291e-05 train_loss=3.796942
step=18700 lr=5.54605e-05 train_loss=3.861679
step=18720 lr=5.52944e-05 train_loss=3.814323
step=18740 lr=5.51309e-05 train_loss=4.066277
step=18760 lr=5.49699e-05 train_loss=3.771482
step=18780 lr=5.48114e-05 train_loss=4.062505
step=18800 lr=5.46555e-05 train_loss=3.685625
[eval] step=18800 train=3.895996 val=3.911163
step=18820 lr=5.45021e-05 train_loss=3.884298
step=18840 lr=5.43513e-05 train_loss=3.875447
step=18860 lr=5.4203e-05 train_loss=3.889624
step=18880 lr=5.40573e-05 train_loss=3.890493
step=18900 lr=5.39141e-05 train_loss=3.792093
step=18920 lr=5.37735e-05 train_loss=3.902585
step=18940 lr=5.36354e-05 train_loss=3.820564
step=18960 lr=5.34998e-05 train_loss=3.968858
step=18980 lr=5.33668e-05 train_loss=4.091430
step=19000 lr=5.32364e-05 train_loss=3.719480
[eval] step=19000 train=3.865456 val=3.868827
step=19020 lr=5.31086e-05 train_loss=3.910354
step=19040 lr=5.29832e-05 train_loss=3.679099
step=19060 lr=5.28605e-05 train_loss=3.650630
step=19080 lr=5.27403e-05 train_loss=3.791086
step=19100 lr=5.26227e-05 train_loss=3.960042
step=19120 lr=5.25076e-05 train_loss=3.915015
step=19140 lr=5.23952e-05 train_loss=3.725760
step=19160 lr=5.22852e-05 train_loss=3.740111
step=19180 lr=5.21779e-05 train_loss=3.913903
step=19200 lr=5.20731e-05 train_loss=3.885396
[eval] step=19200 train=3.904452 val=3.860444
step=19220 lr=5.19709e-05 train_loss=3.853209
step=19240 lr=5.18713e-05 train_loss=3.873678
step=19260 lr=5.17742e-05 train_loss=3.849489
step=19280 lr=5.16797e-05 train_loss=4.025446
step=19300 lr=5.15878e-05 train_loss=3.916517
step=19320 lr=5.14985e-05 train_loss=3.914311
step=19340 lr=5.14117e-05 train_loss=3.879097
step=19360 lr=5.13275e-05 train_loss=4.064929
step=19380 lr=5.12459e-05 train_loss=3.495863
step=19400 lr=5.11669e-05 train_loss=3.776023
[eval] step=19400 train=3.863723 val=3.879815
step=19420 lr=5.10905e-05 train_loss=3.954134
step=19440 lr=5.10166e-05 train_loss=3.860181
step=19460 lr=5.09453e-05 train_loss=3.907344
step=19480 lr=5.08767e-05 train_loss=3.886662
step=19500 lr=5.08106e-05 train_loss=3.907814
step=19520 lr=5.07471e-05 train_loss=3.823720
step=19540 lr=5.06861e-05 train_loss=4.116048
step=19560 lr=5.06278e-05 train_loss=3.845583
step=19580 lr=5.0572e-05 train_loss=3.878573
step=19600 lr=5.05189e-05 train_loss=3.816545
[eval] step=19600 train=3.862288 val=3.813957
step=19620 lr=5.04683e-05 train_loss=3.871862
step=19640 lr=5.04203e-05 train_loss=3.839368
step=19660 lr=5.03749e-05 train_loss=3.769723
step=19680 lr=5.03321e-05 train_loss=3.795133
step=19700 lr=5.02919e-05 train_loss=3.890673
step=19720 lr=5.02543e-05 train_loss=3.867761
step=19740 lr=5.02193e-05 train_loss=3.779504
step=19760 lr=5.01868e-05 train_loss=3.711250
step=19780 lr=5.0157e-05 train_loss=3.870101
step=19800 lr=5.01298e-05 train_loss=3.672225
[eval] step=19800 train=3.887694 val=3.908904
step=19820 lr=5.01051e-05 train_loss=3.851643
step=19840 lr=5.0083e-05 train_loss=3.856033
step=19860 lr=5.00636e-05 train_loss=3.432634
step=19880 lr=5.00467e-05 train_loss=3.830888
step=19900 lr=5.00324e-05 train_loss=3.918922
step=19920 lr=5.00208e-05 train_loss=3.945673
step=19940 lr=5.00117e-05 train_loss=3.875543
step=19960 lr=5.00052e-05 train_loss=3.905392
step=19980 lr=5.00013e-05 train_loss=3.754830
=== Done ===
Mon Mar  9 10:11:21 CET 2026
