=== Job info ===
Job ID: 92518
Host: node203
PWD:  /var/scratch/dpp2567/cs336-assignment1
Date: Mon Mar  9 03:39:27 CET 2026

=== GPU info ===
Mon Mar  9 03:39:28 2026       
+-----------------------------------------------------------------------------------------+
| NVIDIA-SMI 560.35.03              Driver Version: 560.35.03      CUDA Version: 12.6     |
|-----------------------------------------+------------------------+----------------------+
| GPU  Name                 Persistence-M | Bus-Id          Disp.A | Volatile Uncorr. ECC |
| Fan  Temp   Perf          Pwr:Usage/Cap |           Memory-Usage | GPU-Util  Compute M. |
|                                         |                        |               MIG M. |
|=========================================+========================+======================|
|   0  NVIDIA GeForce GTX 1080 Ti     Off |   00000000:02:00.0 Off |                  N/A |
| 19%   26C    P0             59W /  250W |       0MiB /  11264MiB |      0%      Default |
|                                         |                        |                  N/A |
+-----------------------------------------+------------------------+----------------------+
|   1  NVIDIA GeForce GTX 1080 Ti     Off |   00000000:03:00.0 Off |                  N/A |
| 15%   30C    P0             60W /  250W |       0MiB /  11264MiB |      0%      Default |
|                                         |                        |                  N/A |
+-----------------------------------------+------------------------+----------------------+
|   2  NVIDIA GeForce GTX 1080 Ti     Off |   00000000:82:00.0 Off |                  N/A |
| 16%   28C    P0             60W /  250W |       0MiB /  11264MiB |      0%      Default |
|                                         |                        |                  N/A |
+-----------------------------------------+------------------------+----------------------+
|   3  NVIDIA GeForce GTX 1080 Ti     Off |   00000000:83:00.0 Off |                  N/A |
| 15%   26C    P0             53W /  250W |       0MiB /  11264MiB |      1%      Default |
|                                         |                        |                  N/A |
+-----------------------------------------+------------------------+----------------------+
                                                                                         
+-----------------------------------------------------------------------------------------+
| Processes:                                                                              |
|  GPU   GI   CI        PID   Type   Process name                              GPU Memory |
|        ID   ID                                                               Usage      |
|=========================================================================================|
|  No running processes found                                                             |
+-----------------------------------------------------------------------------------------+

=== Python / uv info ===
/var/scratch/dpp2567/miniconda3/bin/python
/var/scratch/dpp2567/miniconda3/bin/uv
Python 3.13.11

=== Path checks ===
PROJECT_ROOT: /var/scratch/dpp2567/cs336-assignment1
TRAIN_BIN:    data/owt_train_gpt2_tokens.bin
VAL_BIN:      data/owt_valid_gpt2_tokens.bin
TRAIN_TXT:    data/owt_train.txt
VAL_TXT:      data/owt_valid.txt

GPT-2 token bin files not found. Preparing them now...
tokenizer=gpt2 vocab_size=50257
train_out=data/owt_train_gpt2_tokens.bin tokens=2704046552 dtype=uint16
val_out=data/owt_valid_gpt2_tokens.bin tokens=65853560 dtype=uint16
=== Train start ===
W0309 04:03:18.881000 3249935 torch/distributed/run.py:792] 
W0309 04:03:18.881000 3249935 torch/distributed/run.py:792] *****************************************
W0309 04:03:18.881000 3249935 torch/distributed/run.py:792] Setting OMP_NUM_THREADS environment variable for each process to be 1 in default, to avoid your system being overloaded, please further tune the variable for optimal performance in your application as needed. 
W0309 04:03:18.881000 3249935 torch/distributed/run.py:792] *****************************************
[rank3]: Traceback (most recent call last):
[rank3]:   File "/var/scratch/dpp2567/cs336-assignment1/cs336_basics/train_lm.py", line 242, in <module>
[rank3]:     main()
[rank3]:     ~~~~^^
[rank3]:   File "/var/scratch/dpp2567/cs336-assignment1/cs336_basics/train_lm.py", line 196, in main
[rank3]:     loss = cross_entropy(logits.float().view(-1, logits.size(-1)), y.view(-1))
[rank3]:   File "/var/scratch/dpp2567/cs336-assignment1/cs336_basics/model.py", line 28, in cross_entropy
[rank3]:     logsumexp = torch.log(torch.sum(torch.exp(shifted), dim=-1))
[rank3]:                                     ~~~~~~~~~^^^^^^^^^
[rank3]: torch.OutOfMemoryError: CUDA out of memory. Tried to allocate 1.54 GiB. GPU 3 has a total capacity of 10.90 GiB of which 1.40 GiB is free. Including non-PyTorch memory, this process has 9.51 GiB memory in use. Of the allocated memory 9.24 GiB is allocated by PyTorch, and 49.37 MiB is reserved by PyTorch but unallocated. If reserved but unallocated memory is large try setting PYTORCH_CUDA_ALLOC_CONF=expandable_segments:True to avoid fragmentation.  See documentation for Memory Management  (https://pytorch.org/docs/stable/notes/cuda.html#environment-variables)
[rank0]: Traceback (most recent call last):
[rank0]:   File "/var/scratch/dpp2567/cs336-assignment1/cs336_basics/train_lm.py", line 242, in <module>
[rank0]:     main()
[rank0]:     ~~~~^^
[rank0]:   File "/var/scratch/dpp2567/cs336-assignment1/cs336_basics/train_lm.py", line 196, in main
[rank0]:     loss = cross_entropy(logits.float().view(-1, logits.size(-1)), y.view(-1))
[rank0]:   File "/var/scratch/dpp2567/cs336-assignment1/cs336_basics/model.py", line 28, in cross_entropy
[rank0]:     logsumexp = torch.log(torch.sum(torch.exp(shifted), dim=-1))
[rank0]:                                     ~~~~~~~~~^^^^^^^^^
[rank0]: torch.OutOfMemoryError: CUDA out of memory. Tried to allocate 1.54 GiB. GPU 0 has a total capacity of 10.90 GiB of which 1.40 GiB is free. Including non-PyTorch memory, this process has 9.51 GiB memory in use. Of the allocated memory 9.24 GiB is allocated by PyTorch, and 49.37 MiB is reserved by PyTorch but unallocated. If reserved but unallocated memory is large try setting PYTORCH_CUDA_ALLOC_CONF=expandable_segments:True to avoid fragmentation.  See documentation for Memory Management  (https://pytorch.org/docs/stable/notes/cuda.html#environment-variables)
[rank2]: Traceback (most recent call last):
[rank2]:   File "/var/scratch/dpp2567/cs336-assignment1/cs336_basics/train_lm.py", line 242, in <module>
[rank2]:     main()
[rank2]:     ~~~~^^
[rank2]:   File "/var/scratch/dpp2567/cs336-assignment1/cs336_basics/train_lm.py", line 196, in main
[rank2]:     loss = cross_entropy(logits.float().view(-1, logits.size(-1)), y.view(-1))
[rank2]:   File "/var/scratch/dpp2567/cs336-assignment1/cs336_basics/model.py", line 28, in cross_entropy
[rank2]:     logsumexp = torch.log(torch.sum(torch.exp(shifted), dim=-1))
[rank2]:                                     ~~~~~~~~~^^^^^^^^^
[rank2]: torch.OutOfMemoryError: CUDA out of memory. Tried to allocate 1.54 GiB. GPU 2 has a total capacity of 10.90 GiB of which 1.40 GiB is free. Including non-PyTorch memory, this process has 9.51 GiB memory in use. Of the allocated memory 9.24 GiB is allocated by PyTorch, and 49.37 MiB is reserved by PyTorch but unallocated. If reserved but unallocated memory is large try setting PYTORCH_CUDA_ALLOC_CONF=expandable_segments:True to avoid fragmentation.  See documentation for Memory Management  (https://pytorch.org/docs/stable/notes/cuda.html#environment-variables)
[rank1]: Traceback (most recent call last):
[rank1]:   File "/var/scratch/dpp2567/cs336-assignment1/cs336_basics/train_lm.py", line 242, in <module>
[rank1]:     main()
[rank1]:     ~~~~^^
[rank1]:   File "/var/scratch/dpp2567/cs336-assignment1/cs336_basics/train_lm.py", line 196, in main
[rank1]:     loss = cross_entropy(logits.float().view(-1, logits.size(-1)), y.view(-1))
[rank1]:   File "/var/scratch/dpp2567/cs336-assignment1/cs336_basics/model.py", line 28, in cross_entropy
[rank1]:     logsumexp = torch.log(torch.sum(torch.exp(shifted), dim=-1))
[rank1]:                                     ~~~~~~~~~^^^^^^^^^
[rank1]: torch.OutOfMemoryError: CUDA out of memory. Tried to allocate 1.54 GiB. GPU 1 has a total capacity of 10.90 GiB of which 1.40 GiB is free. Including non-PyTorch memory, this process has 9.51 GiB memory in use. Of the allocated memory 9.24 GiB is allocated by PyTorch, and 49.37 MiB is reserved by PyTorch but unallocated. If reserved but unallocated memory is large try setting PYTORCH_CUDA_ALLOC_CONF=expandable_segments:True to avoid fragmentation.  See documentation for Memory Management  (https://pytorch.org/docs/stable/notes/cuda.html#environment-variables)
[rank0]:[W309 04:03:25.362144223 ProcessGroupNCCL.cpp:1496] Warning: WARNING: destroy_process_group() was not called before program exit, which can leak resources. For more info, please see https://pytorch.org/docs/stable/distributed.html#shutdown (function operator())
W0309 04:03:26.904000 3249935 torch/distributed/elastic/multiprocessing/api.py:897] Sending process 3249971 closing signal SIGTERM
W0309 04:03:26.905000 3249935 torch/distributed/elastic/multiprocessing/api.py:897] Sending process 3249972 closing signal SIGTERM
E0309 04:03:27.533000 3249935 torch/distributed/elastic/multiprocessing/api.py:869] failed (exitcode: 1) local_rank: 3 (pid: 3249973) of binary: /var/scratch/dpp2567/cs336-assignment1/.venv/bin/python3
Traceback (most recent call last):
  File "/var/scratch/dpp2567/cs336-assignment1/.venv/bin/torchrun", line 10, in <module>
    sys.exit(main())
             ~~~~^^
  File "/var/scratch/dpp2567/cs336-assignment1/.venv/lib/python3.13/site-packages/torch/distributed/elastic/multiprocessing/errors/__init__.py", line 355, in wrapper
    return f(*args, **kwargs)
  File "/var/scratch/dpp2567/cs336-assignment1/.venv/lib/python3.13/site-packages/torch/distributed/run.py", line 918, in main
    run(args)
    ~~~^^^^^^
  File "/var/scratch/dpp2567/cs336-assignment1/.venv/lib/python3.13/site-packages/torch/distributed/run.py", line 909, in run
    elastic_launch(
    ~~~~~~~~~~~~~~~
        config=config,
        ~~~~~~~~~~~~~~
        entrypoint=cmd,
        ~~~~~~~~~~~~~~~
    )(*cmd_args)
    ~^^^^^^^^^^^
  File "/var/scratch/dpp2567/cs336-assignment1/.venv/lib/python3.13/site-packages/torch/distributed/launcher/api.py", line 138, in __call__
    return launch_agent(self._config, self._entrypoint, list(args))
  File "/var/scratch/dpp2567/cs336-assignment1/.venv/lib/python3.13/site-packages/torch/distributed/launcher/api.py", line 269, in launch_agent
    raise ChildFailedError(
    ...<2 lines>...
    )
torch.distributed.elastic.multiprocessing.errors.ChildFailedError: 
============================================================
cs336_basics/train_lm.py FAILED
------------------------------------------------------------
Failures:
  <NO_OTHER_FAILURES>
------------------------------------------------------------
Root Cause (first observed failure):
[0]:
  time      : 2026-03-09_04:03:26
  host      : node203.localdomain
  rank      : 3 (local_rank: 3)
  exitcode  : 1 (pid: 3249973)
  error_file: <N/A>
  traceback : To enable traceback see: https://pytorch.org/docs/stable/elastic/errors.html
============================================================
