=== Job info ===
Job ID: 92517
Host: node221
PWD:  /var/scratch/dpp2567/cs336-assignment1
Date: Mon Mar  9 03:38:50 CET 2026

=== GPU info ===
Mon Mar  9 03:38:52 2026       
+-----------------------------------------------------------------------------------------+
| NVIDIA-SMI 560.35.03              Driver Version: 560.35.03      CUDA Version: 12.6     |
|-----------------------------------------+------------------------+----------------------+
| GPU  Name                 Persistence-M | Bus-Id          Disp.A | Volatile Uncorr. ECC |
| Fan  Temp   Perf          Pwr:Usage/Cap |           Memory-Usage | GPU-Util  Compute M. |
|                                         |                        |               MIG M. |
|=========================================+========================+======================|
|   0  NVIDIA TITAN RTX               Off |   00000000:02:00.0 Off |                  N/A |
| 28%   38C    P0             60W /  280W |       1MiB /  24576MiB |      0%      Default |
|                                         |                        |                  N/A |
+-----------------------------------------+------------------------+----------------------+
|   1  NVIDIA TITAN RTX               Off |   00000000:82:00.0 Off |                  N/A |
| 26%   36C    P0             61W /  280W |       1MiB /  24576MiB |      0%      Default |
|                                         |                        |                  N/A |
+-----------------------------------------+------------------------+----------------------+
                                                                                         
+-----------------------------------------------------------------------------------------+
| Processes:                                                                              |
|  GPU   GI   CI        PID   Type   Process name                              GPU Memory |
|        ID   ID                                                               Usage      |
|=========================================================================================|
|  No running processes found                                                             |
+-----------------------------------------------------------------------------------------+

=== Python / uv info ===
/var/scratch/dpp2567/miniconda3/bin/python
/var/scratch/dpp2567/miniconda3/bin/uv
Python 3.13.11

[OpenWebText] Training start
[OpenWebText] Input: data/owt_train.txt
[OpenWebText] Input size: 11.10 GB
[OpenWebText] vocab_size=32000 special_tokens=['<|endoftext|>'] target_merges=31743 workers=4 device=auto
[OpenWebText] Training done in 76408.64s
[OpenWebText] Saved owt_bpe.pkl | artifact_size=730.02 KB | learned_vocab=32000 | learned_merges=31743
=== Done ===
Tue Mar 10 00:52:26 CET 2026
