=== Job info ===
Job ID: 92544
Host: node204
PWD:  /var/scratch/dpp2567/cs336-assignment1
Date: Mon Mar  9 14:04:39 CET 2026

=== GPU info ===
Mon Mar  9 14:04:40 2026       
+-----------------------------------------------------------------------------------------+
| NVIDIA-SMI 560.35.03              Driver Version: 560.35.03      CUDA Version: 12.6     |
|-----------------------------------------+------------------------+----------------------+
| GPU  Name                 Persistence-M | Bus-Id          Disp.A | Volatile Uncorr. ECC |
| Fan  Temp   Perf          Pwr:Usage/Cap |           Memory-Usage | GPU-Util  Compute M. |
|                                         |                        |               MIG M. |
|=========================================+========================+======================|
|   0  NVIDIA TITAN X (Pascal)        Off |   00000000:02:00.0 Off |                  N/A |
| 22%   28C    P0             54W /  250W |       0MiB /  12288MiB |      0%      Default |
|                                         |                        |                  N/A |
+-----------------------------------------+------------------------+----------------------+
|   1  NVIDIA TITAN X (Pascal)        Off |   00000000:03:00.0 Off |                  N/A |
| 18%   26C    P0             52W /  250W |       0MiB /  12288MiB |      1%      Default |
|                                         |                        |                  N/A |
+-----------------------------------------+------------------------+----------------------+
|   2  NVIDIA TITAN X (Pascal)        Off |   00000000:82:00.0 Off |                  N/A |
| 19%   29C    P0             57W /  250W |       0MiB /  12288MiB |      0%      Default |
|                                         |                        |                  N/A |
+-----------------------------------------+------------------------+----------------------+
|   3  NVIDIA TITAN X (Pascal)        Off |   00000000:83:00.0 Off |                  N/A |
|  0%   27C    P0             56W /  250W |       0MiB /  12288MiB |      0%      Default |
|                                         |                        |                  N/A |
+-----------------------------------------+------------------------+----------------------+
                                                                                         
+-----------------------------------------------------------------------------------------+
| Processes:                                                                              |
|  GPU   GI   CI        PID   Type   Process name                              GPU Memory |
|        ID   ID                                                               Usage      |
|=========================================================================================|
|  No running processes found                                                             |
+-----------------------------------------------------------------------------------------+

=== Python / uv info ===
/var/scratch/dpp2567/miniconda3/bin/python
/var/scratch/dpp2567/miniconda3/bin/uv
Python 3.13.11

=== Path checks ===
PROJECT_ROOT: /var/scratch/dpp2567/cs336-assignment1
TRAIN_BIN:    data/owt_train_gpt2_tokens.bin
VAL_BIN:      data/owt_valid_gpt2_tokens.bin
TRAIN_TXT:    data/owt_train.txt
VAL_TXT:      data/owt_valid.txt

=== Train start ===
W0309 14:04:44.079000 1057867 torch/distributed/run.py:792] 
W0309 14:04:44.079000 1057867 torch/distributed/run.py:792] *****************************************
W0309 14:04:44.079000 1057867 torch/distributed/run.py:792] Setting OMP_NUM_THREADS environment variable for each process to be 1 in default, to avoid your system being overloaded, please further tune the variable for optimal performance in your application as needed. 
W0309 14:04:44.079000 1057867 torch/distributed/run.py:792] *****************************************
=== Done ===
Mon Mar  9 14:05:00 CET 2026
