=== Job info ===
Job ID: 92516
Host: node203
PWD:  /var/scratch/dpp2567/cs336-assignment1
Date: Mon Mar  9 03:38:35 CET 2026

=== GPU info ===
Mon Mar  9 03:38:36 2026       
+-----------------------------------------------------------------------------------------+
| NVIDIA-SMI 560.35.03              Driver Version: 560.35.03      CUDA Version: 12.6     |
|-----------------------------------------+------------------------+----------------------+
| GPU  Name                 Persistence-M | Bus-Id          Disp.A | Volatile Uncorr. ECC |
| Fan  Temp   Perf          Pwr:Usage/Cap |           Memory-Usage | GPU-Util  Compute M. |
|                                         |                        |               MIG M. |
|=========================================+========================+======================|
|   0  NVIDIA GeForce GTX 1080 Ti     Off |   00000000:02:00.0 Off |                  N/A |
| 19%   26C    P0             59W /  250W |       0MiB /  11264MiB |      0%      Default |
|                                         |                        |                  N/A |
+-----------------------------------------+------------------------+----------------------+
|   1  NVIDIA GeForce GTX 1080 Ti     Off |   00000000:03:00.0 Off |                  N/A |
| 12%   31C    P0             56W /  250W |       0MiB /  11264MiB |      1%      Default |
|                                         |                        |                  N/A |
+-----------------------------------------+------------------------+----------------------+
|   2  NVIDIA GeForce GTX 1080 Ti     Off |   00000000:82:00.0 Off |                  N/A |
| 16%   28C    P0             60W /  250W |       0MiB /  11264MiB |      0%      Default |
|                                         |                        |                  N/A |
+-----------------------------------------+------------------------+----------------------+
|   3  NVIDIA GeForce GTX 1080 Ti     Off |   00000000:83:00.0 Off |                  N/A |
| 17%   27C    P0             58W /  250W |       0MiB /  11264MiB |      0%      Default |
|                                         |                        |                  N/A |
+-----------------------------------------+------------------------+----------------------+
                                                                                         
+-----------------------------------------------------------------------------------------+
| Processes:                                                                              |
|  GPU   GI   CI        PID   Type   Process name                              GPU Memory |
|        ID   ID                                                               Usage      |
|=========================================================================================|
|  No running processes found                                                             |
+-----------------------------------------------------------------------------------------+

=== Python / uv info ===
/var/scratch/dpp2567/miniconda3/bin/python
/var/scratch/dpp2567/miniconda3/bin/uv
Python 3.13.11

=== Path checks ===
PROJECT_ROOT: /var/scratch/dpp2567/cs336-assignment1
TRAIN_BIN:    data/owt_train_gpt2_tokens.bin
VAL_BIN:      data/owt_valid_gpt2_tokens.bin
TRAIN_TXT:    data/owt_train.txt
VAL_TXT:      data/owt_valid.txt

GPT-2 token bin files not found. Preparing them now...
slurmstepd-node203: error: *** JOB 92516 ON node203 CANCELLED AT 2026-03-09T03:39:04 ***
